<html>
<body>
<pre>
<h1>µVision Build Log</h1>
<h2>Tool Versions:</h2>
IDE-Version: µVision V5.36.0.0
Copyright (C) 2021 ARM Ltd and ARM Germany GmbH. All rights reserved.
License Information: bruno basilio, utfpr, LIC=----
 
Tool Versions:
Toolchain:       MDK-Lite  Version: 5.36.0.0
Toolchain Path:  C:\Keil_v5\ARM\ARMCLANG\Bin
C Compiler:      ArmClang.exe V6.16
Assembler:       Armasm.exe V6.16
Linker/Locator:  ArmLink.exe V6.16
Library Manager: ArmAr.exe V6.16
Hex Converter:   FromElf.exe V6.16
CPU DLL:         SARMCM3.DLL V5.36.0.0
Dialog DLL:      DCM.DLL V1.17.3.0
Target DLL:      lmidk-agdi.dll V???
Dialog DLL:      TCM.DLL V1.53.0.0
 
<h2>Project:</h2>
C:\Users\rakio\OneDrive\Documents\Sistemas Embarcados\basiliobX_ELW32\Lab2\lab2.uvprojx
Project File Date:  03/30/2026

<h2>Output:</h2>
*** Using Compiler 'V6.16', folder: 'C:\Keil_v5\ARM\ARMCLANG\Bin'
Rebuild target 'Target 1'
src_others/BTN.c(60): warning: no newline at end of file [-Wnewline-eof]
}
 ^
1 warning generated.
compiling BTN.c...
src_my/main.c(29): warning: In file included from...
C:/Users/rakio/AppData/Local/Arm/Packs/Keil/TM4C_DFP/1.1.0/Device/Include/TM4C129\TM4C129.h(26): warning: In file included from...
C:/Users/rakio/AppData/Local/Arm/Packs/Keil/TM4C_DFP/1.1.0/Device/Include/TM4C129/TM4C1294NCPDT.h(279): warning: anonymous unions are a C11 extension [-Wc11-extensions]
  union {
  ^
C:/Users/rakio/AppData/Local/Arm/Packs/Keil/TM4C_DFP/1.1.0/Device/Include/TM4C129/TM4C1294NCPDT.h(319): warning: anonymous unions are a C11 extension [-Wc11-extensions]
  union {
  ^
C:/Users/rakio/AppData/Local/Arm/Packs/Keil/TM4C_DFP/1.1.0/Device/Include/TM4C129/TM4C1294NCPDT.h(338): warning: anonymous unions are a C11 extension [-Wc11-extensions]
  union {
  ^
C:/Users/rakio/AppData/Local/Arm/Packs/Keil/TM4C_DFP/1.1.0/Device/Include/TM4C129/TM4C1294NCPDT.h(671): warning: anonymous unions are a C11 extension [-Wc11-extensions]
  union {
  ^
C:/Users/rakio/AppData/Local/Arm/Packs/Keil/TM4C_DFP/1.1.0/Device/Include/TM4C129/TM4C1294NCPDT.h(687): warning: anonymous unions are a C11 extension [-Wc11-extensions]
  union {
  ^
C:/Users/rakio/AppData/Local/Arm/Packs/Keil/TM4C_DFP/1.1.0/Device/Include/TM4C129/TM4C1294NCPDT.h(732): warning: anonymous unions are a C11 extension [-Wc11-extensions]
  union {
  ^
C:/Users/rakio/AppData/Local/Arm/Packs/Keil/TM4C_DFP/1.1.0/Device/Include/TM4C129/TM4C1294NCPDT.h(737): warning: anonymous unions are a C11 extension [-Wc11-extensions]
  union {
  ^
C:/Users/rakio/AppData/Local/Arm/Packs/Keil/TM4C_DFP/1.1.0/Device/Include/TM4C129/TM4C1294NCPDT.h(839): warning: anonymous unions are a C11 extension [-Wc11-extensions]
  union {
  ^
C:/Users/rakio/AppData/Local/Arm/Packs/Keil/TM4C_DFP/1.1.0/Device/Include/TM4C129/TM4C1294NCPDT.h(852): warning: anonymous unions are a C11 extension [-Wc11-extensions]
  union {
  ^
C:/Users/rakio/AppData/Local/Arm/Packs/Keil/TM4C_DFP/1.1.0/Device/Include/TM4C129/TM4C1294NCPDT.h(859): warning: anonymous unions are a C11 extension [-Wc11-extensions]
  union {
  ^
C:/Users/rakio/AppData/Local/Arm/Packs/Keil/TM4C_DFP/1.1.0/Device/Include/TM4C129/TM4C1294NCPDT.h(864): warning: anonymous unions are a C11 extension [-Wc11-extensions]
  union {
  ^
C:/Users/rakio/AppData/Local/Arm/Packs/Keil/TM4C_DFP/1.1.0/Device/Include/TM4C129/TM4C1294NCPDT.h(871): warning: anonymous unions are a C11 extension [-Wc11-extensions]
  union {
  ^
C:/Users/rakio/AppData/Local/Arm/Packs/Keil/TM4C_DFP/1.1.0/Device/Include/TM4C129/TM4C1294NCPDT.h(877): warning: anonymous unions are a C11 extension [-Wc11-extensions]
  union {
  ^
C:/Users/rakio/AppData/Local/Arm/Packs/Keil/TM4C_DFP/1.1.0/Device/Include/TM4C129/TM4C1294NCPDT.h(884): warning: anonymous unions are a C11 extension [-Wc11-extensions]
  union {
  ^
C:/Users/rakio/AppData/Local/Arm/Packs/Keil/TM4C_DFP/1.1.0/Device/Include/TM4C129/TM4C1294NCPDT.h(891): warning: anonymous unions are a C11 extension [-Wc11-extensions]
  union {
  ^
C:/Users/rakio/AppData/Local/Arm/Packs/Keil/TM4C_DFP/1.1.0/Device/Include/TM4C129/TM4C1294NCPDT.h(896): warning: anonymous unions are a C11 extension [-Wc11-extensions]
  union {
  ^
C:/Users/rakio/AppData/Local/Arm/Packs/Keil/TM4C_DFP/1.1.0/Device/Include/TM4C129/TM4C1294NCPDT.h(903): warning: anonymous unions are a C11 extension [-Wc11-extensions]
  union {
  ^
C:/Users/rakio/AppData/Local/Arm/Packs/Keil/TM4C_DFP/1.1.0/Device/Include/TM4C129/TM4C1294NCPDT.h(909): warning: anonymous unions are a C11 extension [-Wc11-extensions]
  union {
  ^
C:/Users/rakio/AppData/Local/Arm/Packs/Keil/TM4C_DFP/1.1.0/Device/Include/TM4C129/TM4C1294NCPDT.h(916): warning: anonymous unions are a C11 extension [-Wc11-extensions]
  union {
  ^
C:/Users/rakio/AppData/Local/Arm/Packs/Keil/TM4C_DFP/1.1.0/Device/Include/TM4C129/TM4C1294NCPDT.h(923): warning: anonymous unions are a C11 extension [-Wc11-extensions]
  union {
  ^
C:/Users/rakio/AppData/Local/Arm/Packs/Keil/TM4C_DFP/1.1.0/Device/Include/TM4C129/TM4C1294NCPDT.h(928): warning: anonymous unions are a C11 extension [-Wc11-extensions]
  union {
  ^
C:/Users/rakio/AppData/Local/Arm/Packs/Keil/TM4C_DFP/1.1.0/Device/Include/TM4C129/TM4C1294NCPDT.h(935): warning: anonymous unions are a C11 extension [-Wc11-extensions]
  union {
  ^
C:/Users/rakio/AppData/Local/Arm/Packs/Keil/TM4C_DFP/1.1.0/Device/Include/TM4C129/TM4C1294NCPDT.h(941): warning: anonymous unions are a C11 extension [-Wc11-extensions]
  union {
  ^
C:/Users/rakio/AppData/Local/Arm/Packs/Keil/TM4C_DFP/1.1.0/Device/Include/TM4C129/TM4C1294NCPDT.h(948): warning: anonymous unions are a C11 extension [-Wc11-extensions]
  union {
  ^
C:/Users/rakio/AppData/Local/Arm/Packs/Keil/TM4C_DFP/1.1.0/Device/Include/TM4C129/TM4C1294NCPDT.h(955): warning: anonymous unions are a C11 extension [-Wc11-extensions]
  union {
  ^
C:/Users/rakio/AppData/Local/Arm/Packs/Keil/TM4C_DFP/1.1.0/Device/Include/TM4C129/TM4C1294NCPDT.h(960): warning: anonymous unions are a C11 extension [-Wc11-extensions]
  union {
  ^
C:/Users/rakio/AppData/Local/Arm/Packs/Keil/TM4C_DFP/1.1.0/Device/Include/TM4C129/TM4C1294NCPDT.h(967): warning: anonymous unions are a C11 extension [-Wc11-extensions]
  union {
  ^
C:/Users/rakio/AppData/Local/Arm/Packs/Keil/TM4C_DFP/1.1.0/Device/Include/TM4C129/TM4C1294NCPDT.h(973): warning: anonymous unions are a C11 extension [-Wc11-extensions]
  union {
  ^
C:/Users/rakio/AppData/Local/Arm/Packs/Keil/TM4C_DFP/1.1.0/Device/Include/TM4C129/TM4C1294NCPDT.h(980): warning: anonymous unions are a C11 extension [-Wc11-extensions]
  union {
  ^
C:/Users/rakio/AppData/Local/Arm/Packs/Keil/TM4C_DFP/1.1.0/Device/Include/TM4C129/TM4C1294NCPDT.h(987): warning: anonymous unions are a C11 extension [-Wc11-extensions]
  union {
  ^
C:/Users/rakio/AppData/Local/Arm/Packs/Keil/TM4C_DFP/1.1.0/Device/Include/TM4C129/TM4C1294NCPDT.h(992): warning: anonymous unions are a C11 extension [-Wc11-extensions]
  union {
  ^
C:/Users/rakio/AppData/Local/Arm/Packs/Keil/TM4C_DFP/1.1.0/Device/Include/TM4C129/TM4C1294NCPDT.h(999): warning: anonymous unions are a C11 extension [-Wc11-extensions]
  union {
  ^
C:/Users/rakio/AppData/Local/Arm/Packs/Keil/TM4C_DFP/1.1.0/Device/Include/TM4C129/TM4C1294NCPDT.h(1005): warning: anonymous unions are a C11 extension [-Wc11-extensions]
  union {
  ^
C:/Users/rakio/AppData/Local/Arm/Packs/Keil/TM4C_DFP/1.1.0/Device/Include/TM4C129/TM4C1294NCPDT.h(1012): warning: anonymous unions are a C11 extension [-Wc11-extensions]
  union {
  ^
C:/Users/rakio/AppData/Local/Arm/Packs/Keil/TM4C_DFP/1.1.0/Device/Include/TM4C129/TM4C1294NCPDT.h(1019): warning: anonymous unions are a C11 extension [-Wc11-extensions]
  union {
  ^
C:/Users/rakio/AppData/Local/Arm/Packs/Keil/TM4C_DFP/1.1.0/Device/Include/TM4C129/TM4C1294NCPDT.h(1024): warning: anonymous unions are a C11 extension [-Wc11-extensions]
  union {
  ^
C:/Users/rakio/AppData/Local/Arm/Packs/Keil/TM4C_DFP/1.1.0/Device/Include/TM4C129/TM4C1294NCPDT.h(1031): warning: anonymous unions are a C11 extension [-Wc11-extensions]
  union {
  ^
C:/Users/rakio/AppData/Local/Arm/Packs/Keil/TM4C_DFP/1.1.0/Device/Include/TM4C129/TM4C1294NCPDT.h(1037): warning: anonymous unions are a C11 extension [-Wc11-extensions]
  union {
  ^
C:/Users/rakio/AppData/Local/Arm/Packs/Keil/TM4C_DFP/1.1.0/Device/Include/TM4C129/TM4C1294NCPDT.h(1044): warning: anonymous unions are a C11 extension [-Wc11-extensions]
  union {
  ^
C:/Users/rakio/AppData/Local/Arm/Packs/Keil/TM4C_DFP/1.1.0/Device/Include/TM4C129/TM4C1294NCPDT.h(1051): warning: anonymous unions are a C11 extension [-Wc11-extensions]
  union {
  ^
C:/Users/rakio/AppData/Local/Arm/Packs/Keil/TM4C_DFP/1.1.0/Device/Include/TM4C129/TM4C1294NCPDT.h(1056): warning: anonymous unions are a C11 extension [-Wc11-extensions]
  union {
  ^
C:/Users/rakio/AppData/Local/Arm/Packs/Keil/TM4C_DFP/1.1.0/Device/Include/TM4C129/TM4C1294NCPDT.h(1063): warning: anonymous unions are a C11 extension [-Wc11-extensions]
  union {
  ^
C:/Users/rakio/AppData/Local/Arm/Packs/Keil/TM4C_DFP/1.1.0/Device/Include/TM4C129/TM4C1294NCPDT.h(1069): warning: anonymous unions are a C11 extension [-Wc11-extensions]
  union {
  ^
C:/Users/rakio/AppData/Local/Arm/Packs/Keil/TM4C_DFP/1.1.0/Device/Include/TM4C129/TM4C1294NCPDT.h(1260): warning: anonymous unions are a C11 extension [-Wc11-extensions]
  union {
  ^
C:/Users/rakio/AppData/Local/Arm/Packs/Keil/TM4C_DFP/1.1.0/Device/Include/TM4C129/TM4C1294NCPDT.h(1267): warning: anonymous unions are a C11 extension [-Wc11-extensions]
  union {
  ^
C:/Users/rakio/AppData/Local/Arm/Packs/Keil/TM4C_DFP/1.1.0/Device/Include/TM4C129/TM4C1294NCPDT.h(1303): warning: anonymous unions are a C11 extension [-Wc11-extensions]
  union {
  ^
C:/Users/rakio/AppData/Local/Arm/Packs/Keil/TM4C_DFP/1.1.0/Device/Include/TM4C129/TM4C1294NCPDT.h(1308): warning: anonymous unions are a C11 extension [-Wc11-extensions]
  union {
  ^
C:/Users/rakio/AppData/Local/Arm/Packs/Keil/TM4C_DFP/1.1.0/Device/Include/TM4C129/TM4C1294NCPDT.h(1313): warning: anonymous unions are a C11 extension [-Wc11-extensions]
  union {
  ^
C:/Users/rakio/AppData/Local/Arm/Packs/Keil/TM4C_DFP/1.1.0/Device/Include/TM4C129/TM4C1294NCPDT.h(1318): warning: anonymous unions are a C11 extension [-Wc11-extensions]
  union {
  ^
C:/Users/rakio/AppData/Local/Arm/Packs/Keil/TM4C_DFP/1.1.0/Device/Include/TM4C129/TM4C1294NCPDT.h(1323): warning: anonymous unions are a C11 extension [-Wc11-extensions]
  union {
  ^
C:/Users/rakio/AppData/Local/Arm/Packs/Keil/TM4C_DFP/1.1.0/Device/Include/TM4C129/TM4C1294NCPDT.h(1328): warning: anonymous unions are a C11 extension [-Wc11-extensions]
  union {
  ^
C:/Users/rakio/AppData/Local/Arm/Packs/Keil/TM4C_DFP/1.1.0/Device/Include/TM4C129/TM4C1294NCPDT.h(1915): warning: 'WATCHDOG0_BASE' macro redefined [-Wmacro-redefined]
#define WATCHDOG0_BASE                  0x40000000UL
        ^
../../Tivaware_C_Series-2.2.0.285\inc/hw_memmap.h(51): note: previous definition is here
#define WATCHDOG0_BASE          0x40000000  // Watchdog0
        ^
src_my/main.c(29): warning: In file included from...
C:/Users/rakio/AppData/Local/Arm/Packs/Keil/TM4C_DFP/1.1.0/Device/Include/TM4C129\TM4C129.h(26): warning: In file included from...
C:/Users/rakio/AppData/Local/Arm/Packs/Keil/TM4C_DFP/1.1.0/Device/Include/TM4C129/TM4C1294NCPDT.h(1916): warning: 'WATCHDOG1_BASE' macro redefined [-Wmacro-redefined]
#define WATCHDOG1_BASE                  0x40001000UL
        ^
../../Tivaware_C_Series-2.2.0.285\inc/hw_memmap.h(52): note: previous definition is here
#define WATCHDOG1_BASE          0x40001000  // Watchdog1
        ^
src_my/main.c(29): warning: In file included from...
C:/Users/rakio/AppData/Local/Arm/Packs/Keil/TM4C_DFP/1.1.0/Device/Include/TM4C129\TM4C129.h(26): warning: In file included from...
C:/Users/rakio/AppData/Local/Arm/Packs/Keil/TM4C_DFP/1.1.0/Device/Include/TM4C129/TM4C1294NCPDT.h(1917): warning: 'SSI0_BASE' macro redefined [-Wmacro-redefined]
#define SSI0_BASE                       0x40008000UL
        ^
../../Tivaware_C_Series-2.2.0.285\inc/hw_memmap.h(57): note: previous definition is here
#define SSI0_BASE               0x40008000  // SSI0
        ^
src_my/main.c(29): warning: In file included from...
C:/Users/rakio/AppData/Local/Arm/Packs/Keil/TM4C_DFP/1.1.0/Device/Include/TM4C129\TM4C129.h(26): warning: In file included from...
C:/Users/rakio/AppData/Local/Arm/Packs/Keil/TM4C_DFP/1.1.0/Device/Include/TM4C129/TM4C1294NCPDT.h(1918): warning: 'SSI1_BASE' macro redefined [-Wmacro-redefined]
#define SSI1_BASE                       0x40009000UL
        ^
../../Tivaware_C_Series-2.2.0.285\inc/hw_memmap.h(58): note: previous definition is here
#define SSI1_BASE               0x40009000  // SSI1
        ^
src_my/main.c(29): warning: In file included from...
C:/Users/rakio/AppData/Local/Arm/Packs/Keil/TM4C_DFP/1.1.0/Device/Include/TM4C129\TM4C129.h(26): warning: In file included from...
C:/Users/rakio/AppData/Local/Arm/Packs/Keil/TM4C_DFP/1.1.0/Device/Include/TM4C129/TM4C1294NCPDT.h(1919): warning: 'SSI2_BASE' macro redefined [-Wmacro-redefined]
#define SSI2_BASE                       0x4000A000UL
        ^
../../Tivaware_C_Series-2.2.0.285\inc/hw_memmap.h(59): note: previous definition is here
#define SSI2_BASE               0x4000A000  // SSI2
        ^
src_my/main.c(29): warning: In file included from...
C:/Users/rakio/AppData/Local/Arm/Packs/Keil/TM4C_DFP/1.1.0/Device/Include/TM4C129\TM4C129.h(26): warning: In file included from...
C:/Users/rakio/AppData/Local/Arm/Packs/Keil/TM4C_DFP/1.1.0/Device/Include/TM4C129/TM4C1294NCPDT.h(1920): warning: 'SSI3_BASE' macro redefined [-Wmacro-redefined]
#define SSI3_BASE                       0x4000B000UL
        ^
../../Tivaware_C_Series-2.2.0.285\inc/hw_memmap.h(60): note: previous definition is here
#define SSI3_BASE               0x4000B000  // SSI3
        ^
src_my/main.c(29): warning: In file included from...
C:/Users/rakio/AppData/Local/Arm/Packs/Keil/TM4C_DFP/1.1.0/Device/Include/TM4C129\TM4C129.h(26): warning: In file included from...
C:/Users/rakio/AppData/Local/Arm/Packs/Keil/TM4C_DFP/1.1.0/Device/Include/TM4C129/TM4C1294NCPDT.h(1921): warning: 'UART0_BASE' macro redefined [-Wmacro-redefined]
#define UART0_BASE                      0x4000C000UL
        ^
../../Tivaware_C_Series-2.2.0.285\inc/hw_memmap.h(61): note: previous definition is here
#define UART0_BASE              0x4000C000  // UART0
        ^
src_my/main.c(29): warning: In file included from...
C:/Users/rakio/AppData/Local/Arm/Packs/Keil/TM4C_DFP/1.1.0/Device/Include/TM4C129\TM4C129.h(26): warning: In file included from...
C:/Users/rakio/AppData/Local/Arm/Packs/Keil/TM4C_DFP/1.1.0/Device/Include/TM4C129/TM4C1294NCPDT.h(1922): warning: 'UART1_BASE' macro redefined [-Wmacro-redefined]
#define UART1_BASE                      0x4000D000UL
        ^
../../Tivaware_C_Series-2.2.0.285\inc/hw_memmap.h(62): note: previous definition is here
#define UART1_BASE              0x4000D000  // UART1
        ^
src_my/main.c(29): warning: In file included from...
C:/Users/rakio/AppData/Local/Arm/Packs/Keil/TM4C_DFP/1.1.0/Device/Include/TM4C129\TM4C129.h(26): warning: In file included from...
C:/Users/rakio/AppData/Local/Arm/Packs/Keil/TM4C_DFP/1.1.0/Device/Include/TM4C129/TM4C1294NCPDT.h(1923): warning: 'UART2_BASE' macro redefined [-Wmacro-redefined]
#define UART2_BASE                      0x4000E000UL
        ^
../../Tivaware_C_Series-2.2.0.285\inc/hw_memmap.h(63): note: previous definition is here
#define UART2_BASE              0x4000E000  // UART2
        ^
src_my/main.c(29): warning: In file included from...
C:/Users/rakio/AppData/Local/Arm/Packs/Keil/TM4C_DFP/1.1.0/Device/Include/TM4C129\TM4C129.h(26): warning: In file included from...
C:/Users/rakio/AppData/Local/Arm/Packs/Keil/TM4C_DFP/1.1.0/Device/Include/TM4C129/TM4C1294NCPDT.h(1924): warning: 'UART3_BASE' macro redefined [-Wmacro-redefined]
#define UART3_BASE                      0x4000F000UL
        ^
../../Tivaware_C_Series-2.2.0.285\inc/hw_memmap.h(64): note: previous definition is here
#define UART3_BASE              0x4000F000  // UART3
        ^
src_my/main.c(29): warning: In file included from...
C:/Users/rakio/AppData/Local/Arm/Packs/Keil/TM4C_DFP/1.1.0/Device/Include/TM4C129\TM4C129.h(26): warning: In file included from...
C:/Users/rakio/AppData/Local/Arm/Packs/Keil/TM4C_DFP/1.1.0/Device/Include/TM4C129/TM4C1294NCPDT.h(1925): warning: 'UART4_BASE' macro redefined [-Wmacro-redefined]
#define UART4_BASE                      0x40010000UL
        ^
../../Tivaware_C_Series-2.2.0.285\inc/hw_memmap.h(65): note: previous definition is here
#define UART4_BASE              0x40010000  // UART4
        ^
src_my/main.c(29): warning: In file included from...
C:/Users/rakio/AppData/Local/Arm/Packs/Keil/TM4C_DFP/1.1.0/Device/Include/TM4C129\TM4C129.h(26): warning: In file included from...
C:/Users/rakio/AppData/Local/Arm/Packs/Keil/TM4C_DFP/1.1.0/Device/Include/TM4C129/TM4C1294NCPDT.h(1926): warning: 'UART5_BASE' macro redefined [-Wmacro-redefined]
#define UART5_BASE                      0x40011000UL
        ^
../../Tivaware_C_Series-2.2.0.285\inc/hw_memmap.h(66): note: previous definition is here
#define UART5_BASE              0x40011000  // UART5
        ^
src_my/main.c(29): warning: In file included from...
C:/Users/rakio/AppData/Local/Arm/Packs/Keil/TM4C_DFP/1.1.0/Device/Include/TM4C129\TM4C129.h(26): warning: In file included from...
C:/Users/rakio/AppData/Local/Arm/Packs/Keil/TM4C_DFP/1.1.0/Device/Include/TM4C129/TM4C1294NCPDT.h(1927): warning: 'UART6_BASE' macro redefined [-Wmacro-redefined]
#define UART6_BASE                      0x40012000UL
        ^
../../Tivaware_C_Series-2.2.0.285\inc/hw_memmap.h(67): note: previous definition is here
#define UART6_BASE              0x40012000  // UART6
        ^
src_my/main.c(29): warning: In file included from...
C:/Users/rakio/AppData/Local/Arm/Packs/Keil/TM4C_DFP/1.1.0/Device/Include/TM4C129\TM4C129.h(26): warning: In file included from...
C:/Users/rakio/AppData/Local/Arm/Packs/Keil/TM4C_DFP/1.1.0/Device/Include/TM4C129/TM4C1294NCPDT.h(1928): warning: 'UART7_BASE' macro redefined [-Wmacro-redefined]
#define UART7_BASE                      0x40013000UL
        ^
../../Tivaware_C_Series-2.2.0.285\inc/hw_memmap.h(68): note: previous definition is here
#define UART7_BASE              0x40013000  // UART7
        ^
src_my/main.c(29): warning: In file included from...
C:/Users/rakio/AppData/Local/Arm/Packs/Keil/TM4C_DFP/1.1.0/Device/Include/TM4C129\TM4C129.h(26): warning: In file included from...
C:/Users/rakio/AppData/Local/Arm/Packs/Keil/TM4C_DFP/1.1.0/Device/Include/TM4C129/TM4C1294NCPDT.h(1929): warning: 'I2C0_BASE' macro redefined [-Wmacro-redefined]
#define I2C0_BASE                       0x40020000UL
        ^
../../Tivaware_C_Series-2.2.0.285\inc/hw_memmap.h(69): note: previous definition is here
#define I2C0_BASE               0x40020000  // I2C0
        ^
src_my/main.c(29): warning: In file included from...
C:/Users/rakio/AppData/Local/Arm/Packs/Keil/TM4C_DFP/1.1.0/Device/Include/TM4C129\TM4C129.h(26): warning: In file included from...
C:/Users/rakio/AppData/Local/Arm/Packs/Keil/TM4C_DFP/1.1.0/Device/Include/TM4C129/TM4C1294NCPDT.h(1930): warning: 'I2C1_BASE' macro redefined [-Wmacro-redefined]
#define I2C1_BASE                       0x40021000UL
        ^
../../Tivaware_C_Series-2.2.0.285\inc/hw_memmap.h(70): note: previous definition is here
#define I2C1_BASE               0x40021000  // I2C1
        ^
src_my/main.c(29): warning: In file included from...
C:/Users/rakio/AppData/Local/Arm/Packs/Keil/TM4C_DFP/1.1.0/Device/Include/TM4C129\TM4C129.h(26): warning: In file included from...
C:/Users/rakio/AppData/Local/Arm/Packs/Keil/TM4C_DFP/1.1.0/Device/Include/TM4C129/TM4C1294NCPDT.h(1931): warning: 'I2C2_BASE' macro redefined [-Wmacro-redefined]
#define I2C2_BASE                       0x40022000UL
        ^
../../Tivaware_C_Series-2.2.0.285\inc/hw_memmap.h(71): note: previous definition is here
#define I2C2_BASE               0x40022000  // I2C2
        ^
src_my/main.c(29): warning: In file included from...
C:/Users/rakio/AppData/Local/Arm/Packs/Keil/TM4C_DFP/1.1.0/Device/Include/TM4C129\TM4C129.h(26): warning: In file included from...
C:/Users/rakio/AppData/Local/Arm/Packs/Keil/TM4C_DFP/1.1.0/Device/Include/TM4C129/TM4C1294NCPDT.h(1932): warning: 'I2C3_BASE' macro redefined [-Wmacro-redefined]
#define I2C3_BASE                       0x40023000UL
        ^
../../Tivaware_C_Series-2.2.0.285\inc/hw_memmap.h(72): note: previous definition is here
#define I2C3_BASE               0x40023000  // I2C3
        ^
src_my/main.c(29): warning: In file included from...
C:/Users/rakio/AppData/Local/Arm/Packs/Keil/TM4C_DFP/1.1.0/Device/Include/TM4C129\TM4C129.h(26): warning: In file included from...
C:/Users/rakio/AppData/Local/Arm/Packs/Keil/TM4C_DFP/1.1.0/Device/Include/TM4C129/TM4C1294NCPDT.h(1933): warning: 'PWM0_BASE' macro redefined [-Wmacro-redefined]
#define PWM0_BASE                       0x40028000UL
        ^
../../Tivaware_C_Series-2.2.0.285\inc/hw_memmap.h(77): note: previous definition is here
#define PWM0_BASE               0x40028000  // Pulse Width Modulator (PWM)
        ^
src_my/main.c(29): warning: In file included from...
C:/Users/rakio/AppData/Local/Arm/Packs/Keil/TM4C_DFP/1.1.0/Device/Include/TM4C129\TM4C129.h(26): warning: In file included from...
C:/Users/rakio/AppData/Local/Arm/Packs/Keil/TM4C_DFP/1.1.0/Device/Include/TM4C129/TM4C1294NCPDT.h(1934): warning: 'QEI0_BASE' macro redefined [-Wmacro-redefined]
#define QEI0_BASE                       0x4002C000UL
        ^
../../Tivaware_C_Series-2.2.0.285\inc/hw_memmap.h(79): note: previous definition is here
#define QEI0_BASE               0x4002C000  // QEI0
        ^
src_my/main.c(29): warning: In file included from...
C:/Users/rakio/AppData/Local/Arm/Packs/Keil/TM4C_DFP/1.1.0/Device/Include/TM4C129\TM4C129.h(26): warning: In file included from...
C:/Users/rakio/AppData/Local/Arm/Packs/Keil/TM4C_DFP/1.1.0/Device/Include/TM4C129/TM4C1294NCPDT.h(1935): warning: 'TIMER0_BASE' macro redefined [-Wmacro-redefined]
#define TIMER0_BASE                     0x40030000UL
        ^
../../Tivaware_C_Series-2.2.0.285\inc/hw_memmap.h(81): note: previous definition is here
#define TIMER0_BASE             0x40030000  // Timer0
        ^
src_my/main.c(29): warning: In file included from...
C:/Users/rakio/AppData/Local/Arm/Packs/Keil/TM4C_DFP/1.1.0/Device/Include/TM4C129\TM4C129.h(26): warning: In file included from...
C:/Users/rakio/AppData/Local/Arm/Packs/Keil/TM4C_DFP/1.1.0/Device/Include/TM4C129/TM4C1294NCPDT.h(1936): warning: 'TIMER1_BASE' macro redefined [-Wmacro-redefined]
#define TIMER1_BASE                     0x40031000UL
        ^
../../Tivaware_C_Series-2.2.0.285\inc/hw_memmap.h(82): note: previous definition is here
#define TIMER1_BASE             0x40031000  // Timer1
        ^
src_my/main.c(29): warning: In file included from...
C:/Users/rakio/AppData/Local/Arm/Packs/Keil/TM4C_DFP/1.1.0/Device/Include/TM4C129\TM4C129.h(26): warning: In file included from...
C:/Users/rakio/AppData/Local/Arm/Packs/Keil/TM4C_DFP/1.1.0/Device/Include/TM4C129/TM4C1294NCPDT.h(1937): warning: 'TIMER2_BASE' macro redefined [-Wmacro-redefined]
#define TIMER2_BASE                     0x40032000UL
        ^
../../Tivaware_C_Series-2.2.0.285\inc/hw_memmap.h(83): note: previous definition is here
#define TIMER2_BASE             0x40032000  // Timer2
        ^
src_my/main.c(29): warning: In file included from...
C:/Users/rakio/AppData/Local/Arm/Packs/Keil/TM4C_DFP/1.1.0/Device/Include/TM4C129\TM4C129.h(26): warning: In file included from...
C:/Users/rakio/AppData/Local/Arm/Packs/Keil/TM4C_DFP/1.1.0/Device/Include/TM4C129/TM4C1294NCPDT.h(1938): warning: 'TIMER3_BASE' macro redefined [-Wmacro-redefined]
#define TIMER3_BASE                     0x40033000UL
        ^
../../Tivaware_C_Series-2.2.0.285\inc/hw_memmap.h(84): note: previous definition is here
#define TIMER3_BASE             0x40033000  // Timer3
        ^
src_my/main.c(29): warning: In file included from...
C:/Users/rakio/AppData/Local/Arm/Packs/Keil/TM4C_DFP/1.1.0/Device/Include/TM4C129\TM4C129.h(26): warning: In file included from...
C:/Users/rakio/AppData/Local/Arm/Packs/Keil/TM4C_DFP/1.1.0/Device/Include/TM4C129/TM4C1294NCPDT.h(1939): warning: 'TIMER4_BASE' macro redefined [-Wmacro-redefined]
#define TIMER4_BASE                     0x40034000UL
        ^
../../Tivaware_C_Series-2.2.0.285\inc/hw_memmap.h(85): note: previous definition is here
#define TIMER4_BASE             0x40034000  // Timer4
        ^
src_my/main.c(29): warning: In file included from...
C:/Users/rakio/AppData/Local/Arm/Packs/Keil/TM4C_DFP/1.1.0/Device/Include/TM4C129\TM4C129.h(26): warning: In file included from...
C:/Users/rakio/AppData/Local/Arm/Packs/Keil/TM4C_DFP/1.1.0/Device/Include/TM4C129/TM4C1294NCPDT.h(1940): warning: 'TIMER5_BASE' macro redefined [-Wmacro-redefined]
#define TIMER5_BASE                     0x40035000UL
        ^
../../Tivaware_C_Series-2.2.0.285\inc/hw_memmap.h(86): note: previous definition is here
#define TIMER5_BASE             0x40035000  // Timer5
        ^
src_my/main.c(29): warning: In file included from...
C:/Users/rakio/AppData/Local/Arm/Packs/Keil/TM4C_DFP/1.1.0/Device/Include/TM4C129\TM4C129.h(26): warning: In file included from...
C:/Users/rakio/AppData/Local/Arm/Packs/Keil/TM4C_DFP/1.1.0/Device/Include/TM4C129/TM4C1294NCPDT.h(1941): warning: 'ADC0_BASE' macro redefined [-Wmacro-redefined]
#define ADC0_BASE                       0x40038000UL
        ^
../../Tivaware_C_Series-2.2.0.285\inc/hw_memmap.h(89): note: previous definition is here
#define ADC0_BASE               0x40038000  // ADC0
        ^
src_my/main.c(29): warning: In file included from...
C:/Users/rakio/AppData/Local/Arm/Packs/Keil/TM4C_DFP/1.1.0/Device/Include/TM4C129\TM4C129.h(26): warning: In file included from...
C:/Users/rakio/AppData/Local/Arm/Packs/Keil/TM4C_DFP/1.1.0/Device/Include/TM4C129/TM4C1294NCPDT.h(1942): warning: 'ADC1_BASE' macro redefined [-Wmacro-redefined]
#define ADC1_BASE                       0x40039000UL
        ^
../../Tivaware_C_Series-2.2.0.285\inc/hw_memmap.h(90): note: previous definition is here
#define ADC1_BASE               0x40039000  // ADC1
        ^
src_my/main.c(29): warning: In file included from...
C:/Users/rakio/AppData/Local/Arm/Packs/Keil/TM4C_DFP/1.1.0/Device/Include/TM4C129\TM4C129.h(26): warning: In file included from...
C:/Users/rakio/AppData/Local/Arm/Packs/Keil/TM4C_DFP/1.1.0/Device/Include/TM4C129/TM4C1294NCPDT.h(1943): warning: 'COMP_BASE' macro redefined [-Wmacro-redefined]
#define COMP_BASE                       0x4003C000UL
        ^
../../Tivaware_C_Series-2.2.0.285\inc/hw_memmap.h(91): note: previous definition is here
#define COMP_BASE               0x4003C000  // Analog comparators
        ^
src_my/main.c(29): warning: In file included from...
C:/Users/rakio/AppData/Local/Arm/Packs/Keil/TM4C_DFP/1.1.0/Device/Include/TM4C129\TM4C129.h(26): warning: In file included from...
C:/Users/rakio/AppData/Local/Arm/Packs/Keil/TM4C_DFP/1.1.0/Device/Include/TM4C129/TM4C1294NCPDT.h(1944): warning: 'CAN0_BASE' macro redefined [-Wmacro-redefined]
#define CAN0_BASE                       0x40040000UL
        ^
../../Tivaware_C_Series-2.2.0.285\inc/hw_memmap.h(93): note: previous definition is here
#define CAN0_BASE               0x40040000  // CAN0
        ^
src_my/main.c(29): warning: In file included from...
C:/Users/rakio/AppData/Local/Arm/Packs/Keil/TM4C_DFP/1.1.0/Device/Include/TM4C129\TM4C129.h(26): warning: In file included from...
C:/Users/rakio/AppData/Local/Arm/Packs/Keil/TM4C_DFP/1.1.0/Device/Include/TM4C129/TM4C1294NCPDT.h(1945): warning: 'CAN1_BASE' macro redefined [-Wmacro-redefined]
#define CAN1_BASE                       0x40041000UL
        ^
../../Tivaware_C_Series-2.2.0.285\inc/hw_memmap.h(94): note: previous definition is here
#define CAN1_BASE               0x40041000  // CAN1
        ^
src_my/main.c(29): warning: In file included from...
C:/Users/rakio/AppData/Local/Arm/Packs/Keil/TM4C_DFP/1.1.0/Device/Include/TM4C129\TM4C129.h(26): warning: In file included from...
C:/Users/rakio/AppData/Local/Arm/Packs/Keil/TM4C_DFP/1.1.0/Device/Include/TM4C129/TM4C1294NCPDT.h(1946): warning: 'USB0_BASE' macro redefined [-Wmacro-redefined]
#define USB0_BASE                       0x40050000UL
        ^
../../Tivaware_C_Series-2.2.0.285\inc/hw_memmap.h(99): note: previous definition is here
#define USB0_BASE               0x40050000  // USB 0 Controller
        ^
src_my/main.c(29): warning: In file included from...
C:/Users/rakio/AppData/Local/Arm/Packs/Keil/TM4C_DFP/1.1.0/Device/Include/TM4C129\TM4C129.h(26): warning: In file included from...
C:/Users/rakio/AppData/Local/Arm/Packs/Keil/TM4C_DFP/1.1.0/Device/Include/TM4C129/TM4C1294NCPDT.h(1962): warning: 'EEPROM_BASE' macro redefined [-Wmacro-redefined]
#define EEPROM_BASE                     0x400AF000UL
        ^
../../Tivaware_C_Series-2.2.0.285\inc/hw_memmap.h(121): note: previous definition is here
#define EEPROM_BASE             0x400AF000  // EEPROM memory
        ^
src_my/main.c(29): warning: In file included from...
C:/Users/rakio/AppData/Local/Arm/Packs/Keil/TM4C_DFP/1.1.0/Device/Include/TM4C129\TM4C129.h(26): warning: In file included from...
C:/Users/rakio/AppData/Local/Arm/Packs/Keil/TM4C_DFP/1.1.0/Device/Include/TM4C129/TM4C1294NCPDT.h(1963): warning: 'I2C8_BASE' macro redefined [-Wmacro-redefined]
#define I2C8_BASE                       0x400B8000UL
        ^
../../Tivaware_C_Series-2.2.0.285\inc/hw_memmap.h(123): note: previous definition is here
#define I2C8_BASE               0x400B8000  // I2C8
        ^
src_my/main.c(29): warning: In file included from...
C:/Users/rakio/AppData/Local/Arm/Packs/Keil/TM4C_DFP/1.1.0/Device/Include/TM4C129\TM4C129.h(26): warning: In file included from...
C:/Users/rakio/AppData/Local/Arm/Packs/Keil/TM4C_DFP/1.1.0/Device/Include/TM4C129/TM4C1294NCPDT.h(1964): warning: 'I2C9_BASE' macro redefined [-Wmacro-redefined]
#define I2C9_BASE                       0x400B9000UL
        ^
../../Tivaware_C_Series-2.2.0.285\inc/hw_memmap.h(124): note: previous definition is here
#define I2C9_BASE               0x400B9000  // I2C9
        ^
src_my/main.c(29): warning: In file included from...
C:/Users/rakio/AppData/Local/Arm/Packs/Keil/TM4C_DFP/1.1.0/Device/Include/TM4C129\TM4C129.h(26): warning: In file included from...
C:/Users/rakio/AppData/Local/Arm/Packs/Keil/TM4C_DFP/1.1.0/Device/Include/TM4C129/TM4C1294NCPDT.h(1965): warning: 'I2C4_BASE' macro redefined [-Wmacro-redefined]
#define I2C4_BASE                       0x400C0000UL
        ^
../../Tivaware_C_Series-2.2.0.285\inc/hw_memmap.h(125): note: previous definition is here
#define I2C4_BASE               0x400C0000  // I2C4
        ^
src_my/main.c(29): warning: In file included from...
C:/Users/rakio/AppData/Local/Arm/Packs/Keil/TM4C_DFP/1.1.0/Device/Include/TM4C129\TM4C129.h(26): warning: In file included from...
C:/Users/rakio/AppData/Local/Arm/Packs/Keil/TM4C_DFP/1.1.0/Device/Include/TM4C129/TM4C1294NCPDT.h(1966): warning: 'I2C5_BASE' macro redefined [-Wmacro-redefined]
#define I2C5_BASE                       0x400C1000UL
        ^
../../Tivaware_C_Series-2.2.0.285\inc/hw_memmap.h(126): note: previous definition is here
#define I2C5_BASE               0x400C1000  // I2C5
        ^
src_my/main.c(29): warning: In file included from...
C:/Users/rakio/AppData/Local/Arm/Packs/Keil/TM4C_DFP/1.1.0/Device/Include/TM4C129\TM4C129.h(26): warning: In file included from...
C:/Users/rakio/AppData/Local/Arm/Packs/Keil/TM4C_DFP/1.1.0/Device/Include/TM4C129/TM4C1294NCPDT.h(1967): warning: 'I2C6_BASE' macro redefined [-Wmacro-redefined]
#define I2C6_BASE                       0x400C2000UL
        ^
../../Tivaware_C_Series-2.2.0.285\inc/hw_memmap.h(127): note: previous definition is here
#define I2C6_BASE               0x400C2000  // I2C6
        ^
src_my/main.c(29): warning: In file included from...
C:/Users/rakio/AppData/Local/Arm/Packs/Keil/TM4C_DFP/1.1.0/Device/Include/TM4C129\TM4C129.h(26): warning: In file included from...
C:/Users/rakio/AppData/Local/Arm/Packs/Keil/TM4C_DFP/1.1.0/Device/Include/TM4C129/TM4C1294NCPDT.h(1968): warning: 'I2C7_BASE' macro redefined [-Wmacro-redefined]
#define I2C7_BASE                       0x400C3000UL
        ^
../../Tivaware_C_Series-2.2.0.285\inc/hw_memmap.h(128): note: previous definition is here
#define I2C7_BASE               0x400C3000  // I2C7
        ^
src_my/main.c(29): warning: In file included from...
C:/Users/rakio/AppData/Local/Arm/Packs/Keil/TM4C_DFP/1.1.0/Device/Include/TM4C129\TM4C129.h(26): warning: In file included from...
C:/Users/rakio/AppData/Local/Arm/Packs/Keil/TM4C_DFP/1.1.0/Device/Include/TM4C129/TM4C1294NCPDT.h(1969): warning: 'EPI0_BASE' macro redefined [-Wmacro-redefined]
#define EPI0_BASE                       0x400D0000UL
        ^
../../Tivaware_C_Series-2.2.0.285\inc/hw_memmap.h(129): note: previous definition is here
#define EPI0_BASE               0x400D0000  // EPI0
        ^
src_my/main.c(29): warning: In file included from...
C:/Users/rakio/AppData/Local/Arm/Packs/Keil/TM4C_DFP/1.1.0/Device/Include/TM4C129\TM4C129.h(26): warning: In file included from...
C:/Users/rakio/AppData/Local/Arm/Packs/Keil/TM4C_DFP/1.1.0/Device/Include/TM4C129/TM4C1294NCPDT.h(1970): warning: 'TIMER6_BASE' macro redefined [-Wmacro-redefined]
#define TIMER6_BASE                     0x400E0000UL
        ^
../../Tivaware_C_Series-2.2.0.285\inc/hw_memmap.h(130): note: previous definition is here
#define TIMER6_BASE             0x400E0000  // General-Purpose Timers
        ^
src_my/main.c(29): warning: In file included from...
C:/Users/rakio/AppData/Local/Arm/Packs/Keil/TM4C_DFP/1.1.0/Device/Include/TM4C129\TM4C129.h(26): warning: In file included from...
C:/Users/rakio/AppData/Local/Arm/Packs/Keil/TM4C_DFP/1.1.0/Device/Include/TM4C129/TM4C1294NCPDT.h(1971): warning: 'TIMER7_BASE' macro redefined [-Wmacro-redefined]
#define TIMER7_BASE                     0x400E1000UL
        ^
../../Tivaware_C_Series-2.2.0.285\inc/hw_memmap.h(131): note: previous definition is here
#define TIMER7_BASE             0x400E1000  // General-Purpose Timers
        ^
src_my/main.c(29): warning: In file included from...
C:/Users/rakio/AppData/Local/Arm/Packs/Keil/TM4C_DFP/1.1.0/Device/Include/TM4C129\TM4C129.h(26): warning: In file included from...
C:/Users/rakio/AppData/Local/Arm/Packs/Keil/TM4C_DFP/1.1.0/Device/Include/TM4C129/TM4C1294NCPDT.h(1972): warning: 'EMAC0_BASE' macro redefined [-Wmacro-redefined]
#define EMAC0_BASE                      0x400EC000UL
        ^
../../Tivaware_C_Series-2.2.0.285\inc/hw_memmap.h(132): note: previous definition is here
#define EMAC0_BASE              0x400EC000  // Ethernet Controller
        ^
src_my/main.c(29): warning: In file included from...
C:/Users/rakio/AppData/Local/Arm/Packs/Keil/TM4C_DFP/1.1.0/Device/Include/TM4C129\TM4C129.h(26): warning: In file included from...
C:/Users/rakio/AppData/Local/Arm/Packs/Keil/TM4C_DFP/1.1.0/Device/Include/TM4C129/TM4C1294NCPDT.h(1973): warning: 'SYSEXC_BASE' macro redefined [-Wmacro-redefined]
#define SYSEXC_BASE                     0x400F9000UL
        ^
../../Tivaware_C_Series-2.2.0.285\inc/hw_memmap.h(133): note: previous definition is here
#define SYSEXC_BASE             0x400F9000  // System Exception Module
        ^
src_my/main.c(29): warning: In file included from...
C:/Users/rakio/AppData/Local/Arm/Packs/Keil/TM4C_DFP/1.1.0/Device/Include/TM4C129\TM4C129.h(26): warning: In file included from...
C:/Users/rakio/AppData/Local/Arm/Packs/Keil/TM4C_DFP/1.1.0/Device/Include/TM4C129/TM4C1294NCPDT.h(1974): warning: 'HIB_BASE' macro redefined [-Wmacro-redefined]
#define HIB_BASE                        0x400FC000UL
        ^
../../Tivaware_C_Series-2.2.0.285\inc/hw_memmap.h(134): note: previous definition is here
#define HIB_BASE                0x400FC000  // Hibernation Module
        ^
src_my/main.c(29): warning: In file included from...
C:/Users/rakio/AppData/Local/Arm/Packs/Keil/TM4C_DFP/1.1.0/Device/Include/TM4C129\TM4C129.h(26): warning: In file included from...
C:/Users/rakio/AppData/Local/Arm/Packs/Keil/TM4C_DFP/1.1.0/Device/Include/TM4C129/TM4C1294NCPDT.h(1975): warning: 'FLASH_CTRL_BASE' macro redefined [-Wmacro-redefined]
#define FLASH_CTRL_BASE                 0x400FD000UL
        ^
../../Tivaware_C_Series-2.2.0.285\inc/hw_memmap.h(135): note: previous definition is here
#define FLASH_CTRL_BASE         0x400FD000  // FLASH Controller
        ^
src_my/main.c(29): warning: In file included from...
C:/Users/rakio/AppData/Local/Arm/Packs/Keil/TM4C_DFP/1.1.0/Device/Include/TM4C129\TM4C129.h(26): warning: In file included from...
C:/Users/rakio/AppData/Local/Arm/Packs/Keil/TM4C_DFP/1.1.0/Device/Include/TM4C129/TM4C1294NCPDT.h(1976): warning: 'SYSCTL_BASE' macro redefined [-Wmacro-redefined]
#define SYSCTL_BASE                     0x400FE000UL
        ^
../../Tivaware_C_Series-2.2.0.285\inc/hw_memmap.h(136): note: previous definition is here
#define SYSCTL_BASE             0x400FE000  // System Control
        ^
src_my/main.c(29): warning: In file included from...
C:/Users/rakio/AppData/Local/Arm/Packs/Keil/TM4C_DFP/1.1.0/Device/Include/TM4C129\TM4C129.h(26): warning: In file included from...
C:/Users/rakio/AppData/Local/Arm/Packs/Keil/TM4C_DFP/1.1.0/Device/Include/TM4C129/TM4C1294NCPDT.h(1977): warning: 'UDMA_BASE' macro redefined [-Wmacro-redefined]
#define UDMA_BASE                       0x400FF000UL
        ^
../../Tivaware_C_Series-2.2.0.285\inc/hw_memmap.h(137): note: previous definition is here
#define UDMA_BASE               0x400FF000  // uDMA Controller
        ^
src_my/main.c(29): warning: In file included from...
C:/Users/rakio/AppData/Local/Arm/Packs/Keil/TM4C_DFP/1.1.0/Device/Include/TM4C129\TM4C129.h(26): warning: In file included from...
C:/Users/rakio/AppData/Local/Arm/Packs/Keil/TM4C_DFP/1.1.0/Device/Include/TM4C129/TM4C1294NCPDT.h(1978): warning: 'CCM0_BASE' macro redefined [-Wmacro-redefined]
#define CCM0_BASE                       0x44030000UL
        ^
../../Tivaware_C_Series-2.2.0.285\inc/hw_memmap.h(138): note: previous definition is here
#define CCM0_BASE               0x44030000  // Cyclical Redundancy Check (CRC)
        ^
src_my/main.c(83): warning: empty expression statement has no effect; remove unnecessary ';' to silence this warning [-Wextra-semi-stmt]
                while (!MAP_SysCtlPeripheralReady(SYSCTL_PERIPH_GPIOA)){};
                                                                         ^
src_my/main.c(89): warning: empty expression statement has no effect; remove unnecessary ';' to silence this warning [-Wextra-semi-stmt]
                while (!MAP_SysCtlPeripheralReady(SYSCTL_PERIPH_UART0)){};
                                                                         ^
src_my/main.c(76): warning: no previous prototype for function 'ConfigureUART' [-Wmissing-prototypes]
void ConfigureUART(void)
     ^
src_my/main.c(76): note: declare 'static' if the function is not intended to be used outside of this translation unit
void ConfigureUART(void)
^
static 
src_my/main.c(163): warning: no newline at end of file [-Wnewline-eof]
}
 ^
src_my/main.c(42): warning: no previous extern declaration for non-static variable 'clock' [-Wmissing-variable-declarations]
uint32_t clock;
         ^
src_my/main.c(42): note: declare 'static' if the variable is not intended to be used outside of this translation unit
uint32_t clock;
^
105 warnings generated.
compiling main.c...
assembling startup_TM4C129.s...
src_others/uartstdio.c(543): warning: implicit conversion changes signedness: 'unsigned int' to 'int' [-Wsign-conversion]
    return(uIdx);
    ~~~~~~ ^~~~
src_others/uartstdio.c(676): warning: implicit conversion loses integer precision: 'int32_t' (aka 'int') to 'int8_t' (aka 'signed char') [-Wimplicit-int-conversion]
        cChar = MAP_UARTCharGet(g_ui32Base);
              ~ ^~~~~~~~~~~~~~~~~~~~~~~~~~~
../../Tivaware_C_Series-2.2.0.285\driverlib/rom_map.h(5339): note: expanded from macro 'MAP_UARTCharGet'
        UARTCharGet
        ^
src_others/uartstdio.c(747): warning: implicit conversion changes signedness: 'int8_t' (aka 'signed char') to 'char' [-Wsign-conversion]
            pcBuf[ui32Count] = cChar;
                             ~ ^~~~~
src_others/uartstdio.c(757): warning: implicit conversion changes signedness: 'int8_t' (aka 'signed char') to 'unsigned char' [-Wsign-conversion]
            MAP_UARTCharPut(g_ui32Base, cChar);
            ~~~~~~~~~~~~~~~             ^~~~~
src_others/uartstdio.c(774): warning: implicit conversion changes signedness: 'uint32_t' (aka 'unsigned int') to 'int' [-Wsign-conversion]
    return(ui32Count);
    ~~~~~~ ^~~~~~~~~
src_others/uartstdio.c(825): warning: implicit conversion loses integer precision: 'int32_t' (aka 'int') to 'unsigned char' [-Wimplicit-int-conversion]
    return(MAP_UARTCharGet(g_ui32Base));
    ~~~~~~ ^~~~~~~~~~~~~~~~~~~~~~~~~~~
../../Tivaware_C_Series-2.2.0.285\driverlib/rom_map.h(5339): note: expanded from macro 'MAP_UARTCharGet'
        UARTCharGet
        ^
src_others/uartstdio.c(1012): warning: implicit conversion changes signedness: 'int32_t' (aka 'int') to 'uint32_t' (aka 'unsigned int') [-Wsign-conversion]
                        ui32Value = -(int32_t)ui32Value;
                                  ~ ^~~~~~~~~~~~~~~~~~~
7 warnings generated.
compiling uartstdio.c...
RTE/Device/TM4C1294NCPDT/system_TM4C129.c(14): warning: In file included from...
C:/Users/rakio/AppData/Local/Arm/Packs/Keil/TM4C_DFP/1.1.0/Device/Include/TM4C129\TM4C129.h(26): warning: In file included from...
C:/Users/rakio/AppData/Local/Arm/Packs/Keil/TM4C_DFP/1.1.0/Device/Include/TM4C129/TM4C1294NCPDT.h(279): warning: anonymous unions are a C11 extension [-Wc11-extensions]
  union {
  ^
C:/Users/rakio/AppData/Local/Arm/Packs/Keil/TM4C_DFP/1.1.0/Device/Include/TM4C129/TM4C1294NCPDT.h(319): warning: anonymous unions are a C11 extension [-Wc11-extensions]
  union {
  ^
C:/Users/rakio/AppData/Local/Arm/Packs/Keil/TM4C_DFP/1.1.0/Device/Include/TM4C129/TM4C1294NCPDT.h(338): warning: anonymous unions are a C11 extension [-Wc11-extensions]
  union {
  ^
C:/Users/rakio/AppData/Local/Arm/Packs/Keil/TM4C_DFP/1.1.0/Device/Include/TM4C129/TM4C1294NCPDT.h(671): warning: anonymous unions are a C11 extension [-Wc11-extensions]
  union {
  ^
C:/Users/rakio/AppData/Local/Arm/Packs/Keil/TM4C_DFP/1.1.0/Device/Include/TM4C129/TM4C1294NCPDT.h(687): warning: anonymous unions are a C11 extension [-Wc11-extensions]
  union {
  ^
C:/Users/rakio/AppData/Local/Arm/Packs/Keil/TM4C_DFP/1.1.0/Device/Include/TM4C129/TM4C1294NCPDT.h(732): warning: anonymous unions are a C11 extension [-Wc11-extensions]
  union {
  ^
C:/Users/rakio/AppData/Local/Arm/Packs/Keil/TM4C_DFP/1.1.0/Device/Include/TM4C129/TM4C1294NCPDT.h(737): warning: anonymous unions are a C11 extension [-Wc11-extensions]
  union {
  ^
C:/Users/rakio/AppData/Local/Arm/Packs/Keil/TM4C_DFP/1.1.0/Device/Include/TM4C129/TM4C1294NCPDT.h(839): warning: anonymous unions are a C11 extension [-Wc11-extensions]
  union {
  ^
C:/Users/rakio/AppData/Local/Arm/Packs/Keil/TM4C_DFP/1.1.0/Device/Include/TM4C129/TM4C1294NCPDT.h(852): warning: anonymous unions are a C11 extension [-Wc11-extensions]
  union {
  ^
C:/Users/rakio/AppData/Local/Arm/Packs/Keil/TM4C_DFP/1.1.0/Device/Include/TM4C129/TM4C1294NCPDT.h(859): warning: anonymous unions are a C11 extension [-Wc11-extensions]
  union {
  ^
C:/Users/rakio/AppData/Local/Arm/Packs/Keil/TM4C_DFP/1.1.0/Device/Include/TM4C129/TM4C1294NCPDT.h(864): warning: anonymous unions are a C11 extension [-Wc11-extensions]
  union {
  ^
C:/Users/rakio/AppData/Local/Arm/Packs/Keil/TM4C_DFP/1.1.0/Device/Include/TM4C129/TM4C1294NCPDT.h(871): warning: anonymous unions are a C11 extension [-Wc11-extensions]
  union {
  ^
C:/Users/rakio/AppData/Local/Arm/Packs/Keil/TM4C_DFP/1.1.0/Device/Include/TM4C129/TM4C1294NCPDT.h(877): warning: anonymous unions are a C11 extension [-Wc11-extensions]
  union {
  ^
C:/Users/rakio/AppData/Local/Arm/Packs/Keil/TM4C_DFP/1.1.0/Device/Include/TM4C129/TM4C1294NCPDT.h(884): warning: anonymous unions are a C11 extension [-Wc11-extensions]
  union {
  ^
C:/Users/rakio/AppData/Local/Arm/Packs/Keil/TM4C_DFP/1.1.0/Device/Include/TM4C129/TM4C1294NCPDT.h(891): warning: anonymous unions are a C11 extension [-Wc11-extensions]
  union {
  ^
C:/Users/rakio/AppData/Local/Arm/Packs/Keil/TM4C_DFP/1.1.0/Device/Include/TM4C129/TM4C1294NCPDT.h(896): warning: anonymous unions are a C11 extension [-Wc11-extensions]
  union {
  ^
C:/Users/rakio/AppData/Local/Arm/Packs/Keil/TM4C_DFP/1.1.0/Device/Include/TM4C129/TM4C1294NCPDT.h(903): warning: anonymous unions are a C11 extension [-Wc11-extensions]
  union {
  ^
C:/Users/rakio/AppData/Local/Arm/Packs/Keil/TM4C_DFP/1.1.0/Device/Include/TM4C129/TM4C1294NCPDT.h(909): warning: anonymous unions are a C11 extension [-Wc11-extensions]
  union {
  ^
C:/Users/rakio/AppData/Local/Arm/Packs/Keil/TM4C_DFP/1.1.0/Device/Include/TM4C129/TM4C1294NCPDT.h(916): warning: anonymous unions are a C11 extension [-Wc11-extensions]
  union {
  ^
C:/Users/rakio/AppData/Local/Arm/Packs/Keil/TM4C_DFP/1.1.0/Device/Include/TM4C129/TM4C1294NCPDT.h(923): warning: anonymous unions are a C11 extension [-Wc11-extensions]
  union {
  ^
C:/Users/rakio/AppData/Local/Arm/Packs/Keil/TM4C_DFP/1.1.0/Device/Include/TM4C129/TM4C1294NCPDT.h(928): warning: anonymous unions are a C11 extension [-Wc11-extensions]
  union {
  ^
C:/Users/rakio/AppData/Local/Arm/Packs/Keil/TM4C_DFP/1.1.0/Device/Include/TM4C129/TM4C1294NCPDT.h(935): warning: anonymous unions are a C11 extension [-Wc11-extensions]
  union {
  ^
C:/Users/rakio/AppData/Local/Arm/Packs/Keil/TM4C_DFP/1.1.0/Device/Include/TM4C129/TM4C1294NCPDT.h(941): warning: anonymous unions are a C11 extension [-Wc11-extensions]
  union {
  ^
C:/Users/rakio/AppData/Local/Arm/Packs/Keil/TM4C_DFP/1.1.0/Device/Include/TM4C129/TM4C1294NCPDT.h(948): warning: anonymous unions are a C11 extension [-Wc11-extensions]
  union {
  ^
C:/Users/rakio/AppData/Local/Arm/Packs/Keil/TM4C_DFP/1.1.0/Device/Include/TM4C129/TM4C1294NCPDT.h(955): warning: anonymous unions are a C11 extension [-Wc11-extensions]
  union {
  ^
C:/Users/rakio/AppData/Local/Arm/Packs/Keil/TM4C_DFP/1.1.0/Device/Include/TM4C129/TM4C1294NCPDT.h(960): warning: anonymous unions are a C11 extension [-Wc11-extensions]
  union {
  ^
C:/Users/rakio/AppData/Local/Arm/Packs/Keil/TM4C_DFP/1.1.0/Device/Include/TM4C129/TM4C1294NCPDT.h(967): warning: anonymous unions are a C11 extension [-Wc11-extensions]
  union {
  ^
C:/Users/rakio/AppData/Local/Arm/Packs/Keil/TM4C_DFP/1.1.0/Device/Include/TM4C129/TM4C1294NCPDT.h(973): warning: anonymous unions are a C11 extension [-Wc11-extensions]
  union {
  ^
C:/Users/rakio/AppData/Local/Arm/Packs/Keil/TM4C_DFP/1.1.0/Device/Include/TM4C129/TM4C1294NCPDT.h(980): warning: anonymous unions are a C11 extension [-Wc11-extensions]
  union {
  ^
C:/Users/rakio/AppData/Local/Arm/Packs/Keil/TM4C_DFP/1.1.0/Device/Include/TM4C129/TM4C1294NCPDT.h(987): warning: anonymous unions are a C11 extension [-Wc11-extensions]
  union {
  ^
C:/Users/rakio/AppData/Local/Arm/Packs/Keil/TM4C_DFP/1.1.0/Device/Include/TM4C129/TM4C1294NCPDT.h(992): warning: anonymous unions are a C11 extension [-Wc11-extensions]
  union {
  ^
C:/Users/rakio/AppData/Local/Arm/Packs/Keil/TM4C_DFP/1.1.0/Device/Include/TM4C129/TM4C1294NCPDT.h(999): warning: anonymous unions are a C11 extension [-Wc11-extensions]
  union {
  ^
C:/Users/rakio/AppData/Local/Arm/Packs/Keil/TM4C_DFP/1.1.0/Device/Include/TM4C129/TM4C1294NCPDT.h(1005): warning: anonymous unions are a C11 extension [-Wc11-extensions]
  union {
  ^
C:/Users/rakio/AppData/Local/Arm/Packs/Keil/TM4C_DFP/1.1.0/Device/Include/TM4C129/TM4C1294NCPDT.h(1012): warning: anonymous unions are a C11 extension [-Wc11-extensions]
  union {
  ^
C:/Users/rakio/AppData/Local/Arm/Packs/Keil/TM4C_DFP/1.1.0/Device/Include/TM4C129/TM4C1294NCPDT.h(1019): warning: anonymous unions are a C11 extension [-Wc11-extensions]
  union {
  ^
C:/Users/rakio/AppData/Local/Arm/Packs/Keil/TM4C_DFP/1.1.0/Device/Include/TM4C129/TM4C1294NCPDT.h(1024): warning: anonymous unions are a C11 extension [-Wc11-extensions]
  union {
  ^
C:/Users/rakio/AppData/Local/Arm/Packs/Keil/TM4C_DFP/1.1.0/Device/Include/TM4C129/TM4C1294NCPDT.h(1031): warning: anonymous unions are a C11 extension [-Wc11-extensions]
  union {
  ^
C:/Users/rakio/AppData/Local/Arm/Packs/Keil/TM4C_DFP/1.1.0/Device/Include/TM4C129/TM4C1294NCPDT.h(1037): warning: anonymous unions are a C11 extension [-Wc11-extensions]
  union {
  ^
C:/Users/rakio/AppData/Local/Arm/Packs/Keil/TM4C_DFP/1.1.0/Device/Include/TM4C129/TM4C1294NCPDT.h(1044): warning: anonymous unions are a C11 extension [-Wc11-extensions]
  union {
  ^
C:/Users/rakio/AppData/Local/Arm/Packs/Keil/TM4C_DFP/1.1.0/Device/Include/TM4C129/TM4C1294NCPDT.h(1051): warning: anonymous unions are a C11 extension [-Wc11-extensions]
  union {
  ^
C:/Users/rakio/AppData/Local/Arm/Packs/Keil/TM4C_DFP/1.1.0/Device/Include/TM4C129/TM4C1294NCPDT.h(1056): warning: anonymous unions are a C11 extension [-Wc11-extensions]
  union {
  ^
C:/Users/rakio/AppData/Local/Arm/Packs/Keil/TM4C_DFP/1.1.0/Device/Include/TM4C129/TM4C1294NCPDT.h(1063): warning: anonymous unions are a C11 extension [-Wc11-extensions]
  union {
  ^
C:/Users/rakio/AppData/Local/Arm/Packs/Keil/TM4C_DFP/1.1.0/Device/Include/TM4C129/TM4C1294NCPDT.h(1069): warning: anonymous unions are a C11 extension [-Wc11-extensions]
  union {
  ^
C:/Users/rakio/AppData/Local/Arm/Packs/Keil/TM4C_DFP/1.1.0/Device/Include/TM4C129/TM4C1294NCPDT.h(1260): warning: anonymous unions are a C11 extension [-Wc11-extensions]
  union {
  ^
C:/Users/rakio/AppData/Local/Arm/Packs/Keil/TM4C_DFP/1.1.0/Device/Include/TM4C129/TM4C1294NCPDT.h(1267): warning: anonymous unions are a C11 extension [-Wc11-extensions]
  union {
  ^
C:/Users/rakio/AppData/Local/Arm/Packs/Keil/TM4C_DFP/1.1.0/Device/Include/TM4C129/TM4C1294NCPDT.h(1303): warning: anonymous unions are a C11 extension [-Wc11-extensions]
  union {
  ^
C:/Users/rakio/AppData/Local/Arm/Packs/Keil/TM4C_DFP/1.1.0/Device/Include/TM4C129/TM4C1294NCPDT.h(1308): warning: anonymous unions are a C11 extension [-Wc11-extensions]
  union {
  ^
C:/Users/rakio/AppData/Local/Arm/Packs/Keil/TM4C_DFP/1.1.0/Device/Include/TM4C129/TM4C1294NCPDT.h(1313): warning: anonymous unions are a C11 extension [-Wc11-extensions]
  union {
  ^
C:/Users/rakio/AppData/Local/Arm/Packs/Keil/TM4C_DFP/1.1.0/Device/Include/TM4C129/TM4C1294NCPDT.h(1318): warning: anonymous unions are a C11 extension [-Wc11-extensions]
  union {
  ^
C:/Users/rakio/AppData/Local/Arm/Packs/Keil/TM4C_DFP/1.1.0/Device/Include/TM4C129/TM4C1294NCPDT.h(1323): warning: anonymous unions are a C11 extension [-Wc11-extensions]
  union {
  ^
C:/Users/rakio/AppData/Local/Arm/Packs/Keil/TM4C_DFP/1.1.0/Device/Include/TM4C129/TM4C1294NCPDT.h(1328): warning: anonymous unions are a C11 extension [-Wc11-extensions]
  union {
  ^
51 warnings generated.
compiling system_TM4C129.c...
linking...
Program Size: Code=4236 RO-data=1960 RW-data=4 ZI-data=632  
".\Objects\lab2.axf" - 0 Error(s), 164 Warning(s).

<h2>Software Packages used:</h2>

Package Vendor: ARM
                https://www.keil.com/pack/ARM.CMSIS.6.1.0.pack
                ARM.CMSIS.6.1.0
                CMSIS (Common Microcontroller Software Interface Standard)
   * Component: CORE Version: 6.1.0

Package Vendor: Keil
                http://www.keil.com/pack/Keil.TM4C_DFP.1.1.0.pack
                Keil.TM4C_DFP.1.1.0
                Texas Instruments Tiva C Series Device Support and Examples
   * Component: Startup Version: 1.0.0

<h2>Collection of Component include folders:</h2>
  .\RTE\_Target_1
  C:\Users\rakio\AppData\Local\Arm\Packs\ARM\CMSIS\6.1.0\CMSIS\Core\Include
  C:\Users\rakio\AppData\Local\Arm\Packs\Keil\TM4C_DFP\1.1.0\Device\Include\TM4C129

<h2>Collection of Component Files used:</h2>

   * Component: ARM::CMSIS:CORE:6.1.0

   * Component: Keil::Device:Startup:1.0.0
      Source file:   Device\Source\system_TM4C129.c
      Include file:  Device\Include\TM4C129\TM4C129.h
      Source file:   Device\Source\ARM\startup_TM4C129.s
Build Time Elapsed:  00:00:07
</pre>
</body>
</html>
