<html>
<body>
<pre>
<h1>µVision Build Log</h1>
<h2>Tool Versions:</h2>
IDE-Version: µVision V5.36.0.0
Copyright (C) 2021 ARM Ltd and ARM Germany GmbH. All rights reserved.
License Information: bruno basilio, utfpr, LIC=----
 
Tool Versions:
Toolchain:       MDK-Lite  Version: 5.36.0.0
Toolchain Path:  C:\Keil_v5\ARM\ARMCLANG\Bin
C Compiler:      ArmClang.exe V6.16
Assembler:       Armasm.exe V6.16
Linker/Locator:  ArmLink.exe V6.16
Library Manager: ArmAr.exe V6.16
Hex Converter:   FromElf.exe V6.16
CPU DLL:         SARMCM3.DLL V5.36.0.0
Dialog DLL:      DCM.DLL V1.17.3.0
Target DLL:      lmidk-agdi.dll V???
Dialog DLL:      TCM.DLL V1.53.0.0
 
<h2>Project:</h2>
C:\Users\rakio\OneDrive\Documents\Sistemas Embarcados\basiliobX_ELW32\Lab3\Lab3.uvprojx
Project File Date:  04/02/2026

<h2>Output:</h2>
*** Using Compiler 'V6.16', folder: 'C:\Keil_v5\ARM\ARMCLANG\Bin'
Rebuild target 'Target 1'
assembling histogram.s...
src_my/main.c(26): warning: In file included from...
C:/Users/rakio/AppData/Local/Arm/Packs/Keil/TM4C_DFP/1.1.0/Device/Include/TM4C129\TM4C129.h(26): warning: In file included from...
C:/Users/rakio/AppData/Local/Arm/Packs/Keil/TM4C_DFP/1.1.0/Device/Include/TM4C129/TM4C1294NCPDT.h(279): warning: anonymous unions are a C11 extension [-Wc11-extensions]
  union {
  ^
C:/Users/rakio/AppData/Local/Arm/Packs/Keil/TM4C_DFP/1.1.0/Device/Include/TM4C129/TM4C1294NCPDT.h(319): warning: anonymous unions are a C11 extension [-Wc11-extensions]
  union {
  ^
C:/Users/rakio/AppData/Local/Arm/Packs/Keil/TM4C_DFP/1.1.0/Device/Include/TM4C129/TM4C1294NCPDT.h(338): warning: anonymous unions are a C11 extension [-Wc11-extensions]
  union {
  ^
C:/Users/rakio/AppData/Local/Arm/Packs/Keil/TM4C_DFP/1.1.0/Device/Include/TM4C129/TM4C1294NCPDT.h(671): warning: anonymous unions are a C11 extension [-Wc11-extensions]
  union {
  ^
C:/Users/rakio/AppData/Local/Arm/Packs/Keil/TM4C_DFP/1.1.0/Device/Include/TM4C129/TM4C1294NCPDT.h(687): warning: anonymous unions are a C11 extension [-Wc11-extensions]
  union {
  ^
C:/Users/rakio/AppData/Local/Arm/Packs/Keil/TM4C_DFP/1.1.0/Device/Include/TM4C129/TM4C1294NCPDT.h(732): warning: anonymous unions are a C11 extension [-Wc11-extensions]
  union {
  ^
C:/Users/rakio/AppData/Local/Arm/Packs/Keil/TM4C_DFP/1.1.0/Device/Include/TM4C129/TM4C1294NCPDT.h(737): warning: anonymous unions are a C11 extension [-Wc11-extensions]
  union {
  ^
C:/Users/rakio/AppData/Local/Arm/Packs/Keil/TM4C_DFP/1.1.0/Device/Include/TM4C129/TM4C1294NCPDT.h(839): warning: anonymous unions are a C11 extension [-Wc11-extensions]
  union {
  ^
C:/Users/rakio/AppData/Local/Arm/Packs/Keil/TM4C_DFP/1.1.0/Device/Include/TM4C129/TM4C1294NCPDT.h(852): warning: anonymous unions are a C11 extension [-Wc11-extensions]
  union {
  ^
C:/Users/rakio/AppData/Local/Arm/Packs/Keil/TM4C_DFP/1.1.0/Device/Include/TM4C129/TM4C1294NCPDT.h(859): warning: anonymous unions are a C11 extension [-Wc11-extensions]
  union {
  ^
C:/Users/rakio/AppData/Local/Arm/Packs/Keil/TM4C_DFP/1.1.0/Device/Include/TM4C129/TM4C1294NCPDT.h(864): warning: anonymous unions are a C11 extension [-Wc11-extensions]
  union {
  ^
C:/Users/rakio/AppData/Local/Arm/Packs/Keil/TM4C_DFP/1.1.0/Device/Include/TM4C129/TM4C1294NCPDT.h(871): warning: anonymous unions are a C11 extension [-Wc11-extensions]
  union {
  ^
C:/Users/rakio/AppData/Local/Arm/Packs/Keil/TM4C_DFP/1.1.0/Device/Include/TM4C129/TM4C1294NCPDT.h(877): warning: anonymous unions are a C11 extension [-Wc11-extensions]
  union {
  ^
C:/Users/rakio/AppData/Local/Arm/Packs/Keil/TM4C_DFP/1.1.0/Device/Include/TM4C129/TM4C1294NCPDT.h(884): warning: anonymous unions are a C11 extension [-Wc11-extensions]
  union {
  ^
C:/Users/rakio/AppData/Local/Arm/Packs/Keil/TM4C_DFP/1.1.0/Device/Include/TM4C129/TM4C1294NCPDT.h(891): warning: anonymous unions are a C11 extension [-Wc11-extensions]
  union {
  ^
C:/Users/rakio/AppData/Local/Arm/Packs/Keil/TM4C_DFP/1.1.0/Device/Include/TM4C129/TM4C1294NCPDT.h(896): warning: anonymous unions are a C11 extension [-Wc11-extensions]
  union {
  ^
C:/Users/rakio/AppData/Local/Arm/Packs/Keil/TM4C_DFP/1.1.0/Device/Include/TM4C129/TM4C1294NCPDT.h(903): warning: anonymous unions are a C11 extension [-Wc11-extensions]
  union {
  ^
C:/Users/rakio/AppData/Local/Arm/Packs/Keil/TM4C_DFP/1.1.0/Device/Include/TM4C129/TM4C1294NCPDT.h(909): warning: anonymous unions are a C11 extension [-Wc11-extensions]
  union {
  ^
C:/Users/rakio/AppData/Local/Arm/Packs/Keil/TM4C_DFP/1.1.0/Device/Include/TM4C129/TM4C1294NCPDT.h(916): warning: anonymous unions are a C11 extension [-Wc11-extensions]
  union {
  ^
C:/Users/rakio/AppData/Local/Arm/Packs/Keil/TM4C_DFP/1.1.0/Device/Include/TM4C129/TM4C1294NCPDT.h(923): warning: anonymous unions are a C11 extension [-Wc11-extensions]
  union {
  ^
C:/Users/rakio/AppData/Local/Arm/Packs/Keil/TM4C_DFP/1.1.0/Device/Include/TM4C129/TM4C1294NCPDT.h(928): warning: anonymous unions are a C11 extension [-Wc11-extensions]
  union {
  ^
C:/Users/rakio/AppData/Local/Arm/Packs/Keil/TM4C_DFP/1.1.0/Device/Include/TM4C129/TM4C1294NCPDT.h(935): warning: anonymous unions are a C11 extension [-Wc11-extensions]
  union {
  ^
C:/Users/rakio/AppData/Local/Arm/Packs/Keil/TM4C_DFP/1.1.0/Device/Include/TM4C129/TM4C1294NCPDT.h(941): warning: anonymous unions are a C11 extension [-Wc11-extensions]
  union {
  ^
C:/Users/rakio/AppData/Local/Arm/Packs/Keil/TM4C_DFP/1.1.0/Device/Include/TM4C129/TM4C1294NCPDT.h(948): warning: anonymous unions are a C11 extension [-Wc11-extensions]
  union {
  ^
C:/Users/rakio/AppData/Local/Arm/Packs/Keil/TM4C_DFP/1.1.0/Device/Include/TM4C129/TM4C1294NCPDT.h(955): warning: anonymous unions are a C11 extension [-Wc11-extensions]
  union {
  ^
C:/Users/rakio/AppData/Local/Arm/Packs/Keil/TM4C_DFP/1.1.0/Device/Include/TM4C129/TM4C1294NCPDT.h(960): warning: anonymous unions are a C11 extension [-Wc11-extensions]
  union {
  ^
C:/Users/rakio/AppData/Local/Arm/Packs/Keil/TM4C_DFP/1.1.0/Device/Include/TM4C129/TM4C1294NCPDT.h(967): warning: anonymous unions are a C11 extension [-Wc11-extensions]
  union {
  ^
C:/Users/rakio/AppData/Local/Arm/Packs/Keil/TM4C_DFP/1.1.0/Device/Include/TM4C129/TM4C1294NCPDT.h(973): warning: anonymous unions are a C11 extension [-Wc11-extensions]
  union {
  ^
C:/Users/rakio/AppData/Local/Arm/Packs/Keil/TM4C_DFP/1.1.0/Device/Include/TM4C129/TM4C1294NCPDT.h(980): warning: anonymous unions are a C11 extension [-Wc11-extensions]
  union {
  ^
C:/Users/rakio/AppData/Local/Arm/Packs/Keil/TM4C_DFP/1.1.0/Device/Include/TM4C129/TM4C1294NCPDT.h(987): warning: anonymous unions are a C11 extension [-Wc11-extensions]
  union {
  ^
C:/Users/rakio/AppData/Local/Arm/Packs/Keil/TM4C_DFP/1.1.0/Device/Include/TM4C129/TM4C1294NCPDT.h(992): warning: anonymous unions are a C11 extension [-Wc11-extensions]
  union {
  ^
C:/Users/rakio/AppData/Local/Arm/Packs/Keil/TM4C_DFP/1.1.0/Device/Include/TM4C129/TM4C1294NCPDT.h(999): warning: anonymous unions are a C11 extension [-Wc11-extensions]
  union {
  ^
C:/Users/rakio/AppData/Local/Arm/Packs/Keil/TM4C_DFP/1.1.0/Device/Include/TM4C129/TM4C1294NCPDT.h(1005): warning: anonymous unions are a C11 extension [-Wc11-extensions]
  union {
  ^
C:/Users/rakio/AppData/Local/Arm/Packs/Keil/TM4C_DFP/1.1.0/Device/Include/TM4C129/TM4C1294NCPDT.h(1012): warning: anonymous unions are a C11 extension [-Wc11-extensions]
  union {
  ^
C:/Users/rakio/AppData/Local/Arm/Packs/Keil/TM4C_DFP/1.1.0/Device/Include/TM4C129/TM4C1294NCPDT.h(1019): warning: anonymous unions are a C11 extension [-Wc11-extensions]
  union {
  ^
C:/Users/rakio/AppData/Local/Arm/Packs/Keil/TM4C_DFP/1.1.0/Device/Include/TM4C129/TM4C1294NCPDT.h(1024): warning: anonymous unions are a C11 extension [-Wc11-extensions]
  union {
  ^
C:/Users/rakio/AppData/Local/Arm/Packs/Keil/TM4C_DFP/1.1.0/Device/Include/TM4C129/TM4C1294NCPDT.h(1031): warning: anonymous unions are a C11 extension [-Wc11-extensions]
  union {
  ^
C:/Users/rakio/AppData/Local/Arm/Packs/Keil/TM4C_DFP/1.1.0/Device/Include/TM4C129/TM4C1294NCPDT.h(1037): warning: anonymous unions are a C11 extension [-Wc11-extensions]
  union {
  ^
C:/Users/rakio/AppData/Local/Arm/Packs/Keil/TM4C_DFP/1.1.0/Device/Include/TM4C129/TM4C1294NCPDT.h(1044): warning: anonymous unions are a C11 extension [-Wc11-extensions]
  union {
  ^
C:/Users/rakio/AppData/Local/Arm/Packs/Keil/TM4C_DFP/1.1.0/Device/Include/TM4C129/TM4C1294NCPDT.h(1051): warning: anonymous unions are a C11 extension [-Wc11-extensions]
  union {
  ^
C:/Users/rakio/AppData/Local/Arm/Packs/Keil/TM4C_DFP/1.1.0/Device/Include/TM4C129/TM4C1294NCPDT.h(1056): warning: anonymous unions are a C11 extension [-Wc11-extensions]
  union {
  ^
C:/Users/rakio/AppData/Local/Arm/Packs/Keil/TM4C_DFP/1.1.0/Device/Include/TM4C129/TM4C1294NCPDT.h(1063): warning: anonymous unions are a C11 extension [-Wc11-extensions]
  union {
  ^
C:/Users/rakio/AppData/Local/Arm/Packs/Keil/TM4C_DFP/1.1.0/Device/Include/TM4C129/TM4C1294NCPDT.h(1069): warning: anonymous unions are a C11 extension [-Wc11-extensions]
  union {
  ^
C:/Users/rakio/AppData/Local/Arm/Packs/Keil/TM4C_DFP/1.1.0/Device/Include/TM4C129/TM4C1294NCPDT.h(1260): warning: anonymous unions are a C11 extension [-Wc11-extensions]
  union {
  ^
C:/Users/rakio/AppData/Local/Arm/Packs/Keil/TM4C_DFP/1.1.0/Device/Include/TM4C129/TM4C1294NCPDT.h(1267): warning: anonymous unions are a C11 extension [-Wc11-extensions]
  union {
  ^
C:/Users/rakio/AppData/Local/Arm/Packs/Keil/TM4C_DFP/1.1.0/Device/Include/TM4C129/TM4C1294NCPDT.h(1303): warning: anonymous unions are a C11 extension [-Wc11-extensions]
  union {
  ^
C:/Users/rakio/AppData/Local/Arm/Packs/Keil/TM4C_DFP/1.1.0/Device/Include/TM4C129/TM4C1294NCPDT.h(1308): warning: anonymous unions are a C11 extension [-Wc11-extensions]
  union {
  ^
C:/Users/rakio/AppData/Local/Arm/Packs/Keil/TM4C_DFP/1.1.0/Device/Include/TM4C129/TM4C1294NCPDT.h(1313): warning: anonymous unions are a C11 extension [-Wc11-extensions]
  union {
  ^
C:/Users/rakio/AppData/Local/Arm/Packs/Keil/TM4C_DFP/1.1.0/Device/Include/TM4C129/TM4C1294NCPDT.h(1318): warning: anonymous unions are a C11 extension [-Wc11-extensions]
  union {
  ^
C:/Users/rakio/AppData/Local/Arm/Packs/Keil/TM4C_DFP/1.1.0/Device/Include/TM4C129/TM4C1294NCPDT.h(1323): warning: anonymous unions are a C11 extension [-Wc11-extensions]
  union {
  ^
C:/Users/rakio/AppData/Local/Arm/Packs/Keil/TM4C_DFP/1.1.0/Device/Include/TM4C129/TM4C1294NCPDT.h(1328): warning: anonymous unions are a C11 extension [-Wc11-extensions]
  union {
  ^
src_my/main.c(32): warning: In file included from...
../../Tivaware_C_Series-2.2.0.285\inc/hw_memmap.h(51): warning: 'WATCHDOG0_BASE' macro redefined [-Wmacro-redefined]
#define WATCHDOG0_BASE          0x40000000  // Watchdog0
        ^
C:/Users/rakio/AppData/Local/Arm/Packs/Keil/TM4C_DFP/1.1.0/Device/Include/TM4C129/TM4C1294NCPDT.h(1915): note: previous definition is here
#define WATCHDOG0_BASE                  0x40000000UL
        ^
src_my/main.c(32): warning: In file included from...
../../Tivaware_C_Series-2.2.0.285\inc/hw_memmap.h(52): warning: 'WATCHDOG1_BASE' macro redefined [-Wmacro-redefined]
#define WATCHDOG1_BASE          0x40001000  // Watchdog1
        ^
C:/Users/rakio/AppData/Local/Arm/Packs/Keil/TM4C_DFP/1.1.0/Device/Include/TM4C129/TM4C1294NCPDT.h(1916): note: previous definition is here
#define WATCHDOG1_BASE                  0x40001000UL
        ^
src_my/main.c(32): warning: In file included from...
../../Tivaware_C_Series-2.2.0.285\inc/hw_memmap.h(57): warning: 'SSI0_BASE' macro redefined [-Wmacro-redefined]
#define SSI0_BASE               0x40008000  // SSI0
        ^
C:/Users/rakio/AppData/Local/Arm/Packs/Keil/TM4C_DFP/1.1.0/Device/Include/TM4C129/TM4C1294NCPDT.h(1917): note: previous definition is here
#define SSI0_BASE                       0x40008000UL
        ^
src_my/main.c(32): warning: In file included from...
../../Tivaware_C_Series-2.2.0.285\inc/hw_memmap.h(58): warning: 'SSI1_BASE' macro redefined [-Wmacro-redefined]
#define SSI1_BASE               0x40009000  // SSI1
        ^
C:/Users/rakio/AppData/Local/Arm/Packs/Keil/TM4C_DFP/1.1.0/Device/Include/TM4C129/TM4C1294NCPDT.h(1918): note: previous definition is here
#define SSI1_BASE                       0x40009000UL
        ^
src_my/main.c(32): warning: In file included from...
../../Tivaware_C_Series-2.2.0.285\inc/hw_memmap.h(59): warning: 'SSI2_BASE' macro redefined [-Wmacro-redefined]
#define SSI2_BASE               0x4000A000  // SSI2
        ^
C:/Users/rakio/AppData/Local/Arm/Packs/Keil/TM4C_DFP/1.1.0/Device/Include/TM4C129/TM4C1294NCPDT.h(1919): note: previous definition is here
#define SSI2_BASE                       0x4000A000UL
        ^
src_my/main.c(32): warning: In file included from...
../../Tivaware_C_Series-2.2.0.285\inc/hw_memmap.h(60): warning: 'SSI3_BASE' macro redefined [-Wmacro-redefined]
#define SSI3_BASE               0x4000B000  // SSI3
        ^
C:/Users/rakio/AppData/Local/Arm/Packs/Keil/TM4C_DFP/1.1.0/Device/Include/TM4C129/TM4C1294NCPDT.h(1920): note: previous definition is here
#define SSI3_BASE                       0x4000B000UL
        ^
src_my/main.c(32): warning: In file included from...
../../Tivaware_C_Series-2.2.0.285\inc/hw_memmap.h(61): warning: 'UART0_BASE' macro redefined [-Wmacro-redefined]
#define UART0_BASE              0x4000C000  // UART0
        ^
C:/Users/rakio/AppData/Local/Arm/Packs/Keil/TM4C_DFP/1.1.0/Device/Include/TM4C129/TM4C1294NCPDT.h(1921): note: previous definition is here
#define UART0_BASE                      0x4000C000UL
        ^
src_my/main.c(32): warning: In file included from...
../../Tivaware_C_Series-2.2.0.285\inc/hw_memmap.h(62): warning: 'UART1_BASE' macro redefined [-Wmacro-redefined]
#define UART1_BASE              0x4000D000  // UART1
        ^
C:/Users/rakio/AppData/Local/Arm/Packs/Keil/TM4C_DFP/1.1.0/Device/Include/TM4C129/TM4C1294NCPDT.h(1922): note: previous definition is here
#define UART1_BASE                      0x4000D000UL
        ^
src_my/main.c(32): warning: In file included from...
../../Tivaware_C_Series-2.2.0.285\inc/hw_memmap.h(63): warning: 'UART2_BASE' macro redefined [-Wmacro-redefined]
#define UART2_BASE              0x4000E000  // UART2
        ^
C:/Users/rakio/AppData/Local/Arm/Packs/Keil/TM4C_DFP/1.1.0/Device/Include/TM4C129/TM4C1294NCPDT.h(1923): note: previous definition is here
#define UART2_BASE                      0x4000E000UL
        ^
src_my/main.c(32): warning: In file included from...
../../Tivaware_C_Series-2.2.0.285\inc/hw_memmap.h(64): warning: 'UART3_BASE' macro redefined [-Wmacro-redefined]
#define UART3_BASE              0x4000F000  // UART3
        ^
C:/Users/rakio/AppData/Local/Arm/Packs/Keil/TM4C_DFP/1.1.0/Device/Include/TM4C129/TM4C1294NCPDT.h(1924): note: previous definition is here
#define UART3_BASE                      0x4000F000UL
        ^
src_my/main.c(32): warning: In file included from...
../../Tivaware_C_Series-2.2.0.285\inc/hw_memmap.h(65): warning: 'UART4_BASE' macro redefined [-Wmacro-redefined]
#define UART4_BASE              0x40010000  // UART4
        ^
C:/Users/rakio/AppData/Local/Arm/Packs/Keil/TM4C_DFP/1.1.0/Device/Include/TM4C129/TM4C1294NCPDT.h(1925): note: previous definition is here
#define UART4_BASE                      0x40010000UL
        ^
src_my/main.c(32): warning: In file included from...
../../Tivaware_C_Series-2.2.0.285\inc/hw_memmap.h(66): warning: 'UART5_BASE' macro redefined [-Wmacro-redefined]
#define UART5_BASE              0x40011000  // UART5
        ^
C:/Users/rakio/AppData/Local/Arm/Packs/Keil/TM4C_DFP/1.1.0/Device/Include/TM4C129/TM4C1294NCPDT.h(1926): note: previous definition is here
#define UART5_BASE                      0x40011000UL
        ^
src_my/main.c(32): warning: In file included from...
../../Tivaware_C_Series-2.2.0.285\inc/hw_memmap.h(67): warning: 'UART6_BASE' macro redefined [-Wmacro-redefined]
#define UART6_BASE              0x40012000  // UART6
        ^
C:/Users/rakio/AppData/Local/Arm/Packs/Keil/TM4C_DFP/1.1.0/Device/Include/TM4C129/TM4C1294NCPDT.h(1927): note: previous definition is here
#define UART6_BASE                      0x40012000UL
        ^
src_my/main.c(32): warning: In file included from...
../../Tivaware_C_Series-2.2.0.285\inc/hw_memmap.h(68): warning: 'UART7_BASE' macro redefined [-Wmacro-redefined]
#define UART7_BASE              0x40013000  // UART7
        ^
C:/Users/rakio/AppData/Local/Arm/Packs/Keil/TM4C_DFP/1.1.0/Device/Include/TM4C129/TM4C1294NCPDT.h(1928): note: previous definition is here
#define UART7_BASE                      0x40013000UL
        ^
src_my/main.c(32): warning: In file included from...
../../Tivaware_C_Series-2.2.0.285\inc/hw_memmap.h(69): warning: 'I2C0_BASE' macro redefined [-Wmacro-redefined]
#define I2C0_BASE               0x40020000  // I2C0
        ^
C:/Users/rakio/AppData/Local/Arm/Packs/Keil/TM4C_DFP/1.1.0/Device/Include/TM4C129/TM4C1294NCPDT.h(1929): note: previous definition is here
#define I2C0_BASE                       0x40020000UL
        ^
src_my/main.c(32): warning: In file included from...
../../Tivaware_C_Series-2.2.0.285\inc/hw_memmap.h(70): warning: 'I2C1_BASE' macro redefined [-Wmacro-redefined]
#define I2C1_BASE               0x40021000  // I2C1
        ^
C:/Users/rakio/AppData/Local/Arm/Packs/Keil/TM4C_DFP/1.1.0/Device/Include/TM4C129/TM4C1294NCPDT.h(1930): note: previous definition is here
#define I2C1_BASE                       0x40021000UL
        ^
src_my/main.c(32): warning: In file included from...
../../Tivaware_C_Series-2.2.0.285\inc/hw_memmap.h(71): warning: 'I2C2_BASE' macro redefined [-Wmacro-redefined]
#define I2C2_BASE               0x40022000  // I2C2
        ^
C:/Users/rakio/AppData/Local/Arm/Packs/Keil/TM4C_DFP/1.1.0/Device/Include/TM4C129/TM4C1294NCPDT.h(1931): note: previous definition is here
#define I2C2_BASE                       0x40022000UL
        ^
src_my/main.c(32): warning: In file included from...
../../Tivaware_C_Series-2.2.0.285\inc/hw_memmap.h(72): warning: 'I2C3_BASE' macro redefined [-Wmacro-redefined]
#define I2C3_BASE               0x40023000  // I2C3
        ^
C:/Users/rakio/AppData/Local/Arm/Packs/Keil/TM4C_DFP/1.1.0/Device/Include/TM4C129/TM4C1294NCPDT.h(1932): note: previous definition is here
#define I2C3_BASE                       0x40023000UL
        ^
src_my/main.c(32): warning: In file included from...
../../Tivaware_C_Series-2.2.0.285\inc/hw_memmap.h(77): warning: 'PWM0_BASE' macro redefined [-Wmacro-redefined]
#define PWM0_BASE               0x40028000  // Pulse Width Modulator (PWM)
        ^
C:/Users/rakio/AppData/Local/Arm/Packs/Keil/TM4C_DFP/1.1.0/Device/Include/TM4C129/TM4C1294NCPDT.h(1933): note: previous definition is here
#define PWM0_BASE                       0x40028000UL
        ^
src_my/main.c(32): warning: In file included from...
../../Tivaware_C_Series-2.2.0.285\inc/hw_memmap.h(79): warning: 'QEI0_BASE' macro redefined [-Wmacro-redefined]
#define QEI0_BASE               0x4002C000  // QEI0
        ^
C:/Users/rakio/AppData/Local/Arm/Packs/Keil/TM4C_DFP/1.1.0/Device/Include/TM4C129/TM4C1294NCPDT.h(1934): note: previous definition is here
#define QEI0_BASE                       0x4002C000UL
        ^
src_my/main.c(32): warning: In file included from...
../../Tivaware_C_Series-2.2.0.285\inc/hw_memmap.h(81): warning: 'TIMER0_BASE' macro redefined [-Wmacro-redefined]
#define TIMER0_BASE             0x40030000  // Timer0
        ^
C:/Users/rakio/AppData/Local/Arm/Packs/Keil/TM4C_DFP/1.1.0/Device/Include/TM4C129/TM4C1294NCPDT.h(1935): note: previous definition is here
#define TIMER0_BASE                     0x40030000UL
        ^
src_my/main.c(32): warning: In file included from...
../../Tivaware_C_Series-2.2.0.285\inc/hw_memmap.h(82): warning: 'TIMER1_BASE' macro redefined [-Wmacro-redefined]
#define TIMER1_BASE             0x40031000  // Timer1
        ^
C:/Users/rakio/AppData/Local/Arm/Packs/Keil/TM4C_DFP/1.1.0/Device/Include/TM4C129/TM4C1294NCPDT.h(1936): note: previous definition is here
#define TIMER1_BASE                     0x40031000UL
        ^
src_my/main.c(32): warning: In file included from...
../../Tivaware_C_Series-2.2.0.285\inc/hw_memmap.h(83): warning: 'TIMER2_BASE' macro redefined [-Wmacro-redefined]
#define TIMER2_BASE             0x40032000  // Timer2
        ^
C:/Users/rakio/AppData/Local/Arm/Packs/Keil/TM4C_DFP/1.1.0/Device/Include/TM4C129/TM4C1294NCPDT.h(1937): note: previous definition is here
#define TIMER2_BASE                     0x40032000UL
        ^
src_my/main.c(32): warning: In file included from...
../../Tivaware_C_Series-2.2.0.285\inc/hw_memmap.h(84): warning: 'TIMER3_BASE' macro redefined [-Wmacro-redefined]
#define TIMER3_BASE             0x40033000  // Timer3
        ^
C:/Users/rakio/AppData/Local/Arm/Packs/Keil/TM4C_DFP/1.1.0/Device/Include/TM4C129/TM4C1294NCPDT.h(1938): note: previous definition is here
#define TIMER3_BASE                     0x40033000UL
        ^
src_my/main.c(32): warning: In file included from...
../../Tivaware_C_Series-2.2.0.285\inc/hw_memmap.h(85): warning: 'TIMER4_BASE' macro redefined [-Wmacro-redefined]
#define TIMER4_BASE             0x40034000  // Timer4
        ^
C:/Users/rakio/AppData/Local/Arm/Packs/Keil/TM4C_DFP/1.1.0/Device/Include/TM4C129/TM4C1294NCPDT.h(1939): note: previous definition is here
#define TIMER4_BASE                     0x40034000UL
        ^
src_my/main.c(32): warning: In file included from...
../../Tivaware_C_Series-2.2.0.285\inc/hw_memmap.h(86): warning: 'TIMER5_BASE' macro redefined [-Wmacro-redefined]
#define TIMER5_BASE             0x40035000  // Timer5
        ^
C:/Users/rakio/AppData/Local/Arm/Packs/Keil/TM4C_DFP/1.1.0/Device/Include/TM4C129/TM4C1294NCPDT.h(1940): note: previous definition is here
#define TIMER5_BASE                     0x40035000UL
        ^
src_my/main.c(32): warning: In file included from...
../../Tivaware_C_Series-2.2.0.285\inc/hw_memmap.h(89): warning: 'ADC0_BASE' macro redefined [-Wmacro-redefined]
#define ADC0_BASE               0x40038000  // ADC0
        ^
C:/Users/rakio/AppData/Local/Arm/Packs/Keil/TM4C_DFP/1.1.0/Device/Include/TM4C129/TM4C1294NCPDT.h(1941): note: previous definition is here
#define ADC0_BASE                       0x40038000UL
        ^
src_my/main.c(32): warning: In file included from...
../../Tivaware_C_Series-2.2.0.285\inc/hw_memmap.h(90): warning: 'ADC1_BASE' macro redefined [-Wmacro-redefined]
#define ADC1_BASE               0x40039000  // ADC1
        ^
C:/Users/rakio/AppData/Local/Arm/Packs/Keil/TM4C_DFP/1.1.0/Device/Include/TM4C129/TM4C1294NCPDT.h(1942): note: previous definition is here
#define ADC1_BASE                       0x40039000UL
        ^
src_my/main.c(32): warning: In file included from...
../../Tivaware_C_Series-2.2.0.285\inc/hw_memmap.h(91): warning: 'COMP_BASE' macro redefined [-Wmacro-redefined]
#define COMP_BASE               0x4003C000  // Analog comparators
        ^
C:/Users/rakio/AppData/Local/Arm/Packs/Keil/TM4C_DFP/1.1.0/Device/Include/TM4C129/TM4C1294NCPDT.h(1943): note: previous definition is here
#define COMP_BASE                       0x4003C000UL
        ^
src_my/main.c(32): warning: In file included from...
../../Tivaware_C_Series-2.2.0.285\inc/hw_memmap.h(93): warning: 'CAN0_BASE' macro redefined [-Wmacro-redefined]
#define CAN0_BASE               0x40040000  // CAN0
        ^
C:/Users/rakio/AppData/Local/Arm/Packs/Keil/TM4C_DFP/1.1.0/Device/Include/TM4C129/TM4C1294NCPDT.h(1944): note: previous definition is here
#define CAN0_BASE                       0x40040000UL
        ^
src_my/main.c(32): warning: In file included from...
../../Tivaware_C_Series-2.2.0.285\inc/hw_memmap.h(94): warning: 'CAN1_BASE' macro redefined [-Wmacro-redefined]
#define CAN1_BASE               0x40041000  // CAN1
        ^
C:/Users/rakio/AppData/Local/Arm/Packs/Keil/TM4C_DFP/1.1.0/Device/Include/TM4C129/TM4C1294NCPDT.h(1945): note: previous definition is here
#define CAN1_BASE                       0x40041000UL
        ^
src_my/main.c(32): warning: In file included from...
../../Tivaware_C_Series-2.2.0.285\inc/hw_memmap.h(99): warning: 'USB0_BASE' macro redefined [-Wmacro-redefined]
#define USB0_BASE               0x40050000  // USB 0 Controller
        ^
C:/Users/rakio/AppData/Local/Arm/Packs/Keil/TM4C_DFP/1.1.0/Device/Include/TM4C129/TM4C1294NCPDT.h(1946): note: previous definition is here
#define USB0_BASE                       0x40050000UL
        ^
src_my/main.c(32): warning: In file included from...
../../Tivaware_C_Series-2.2.0.285\inc/hw_memmap.h(121): warning: 'EEPROM_BASE' macro redefined [-Wmacro-redefined]
#define EEPROM_BASE             0x400AF000  // EEPROM memory
        ^
C:/Users/rakio/AppData/Local/Arm/Packs/Keil/TM4C_DFP/1.1.0/Device/Include/TM4C129/TM4C1294NCPDT.h(1962): note: previous definition is here
#define EEPROM_BASE                     0x400AF000UL
        ^
src_my/main.c(32): warning: In file included from...
../../Tivaware_C_Series-2.2.0.285\inc/hw_memmap.h(123): warning: 'I2C8_BASE' macro redefined [-Wmacro-redefined]
#define I2C8_BASE               0x400B8000  // I2C8
        ^
C:/Users/rakio/AppData/Local/Arm/Packs/Keil/TM4C_DFP/1.1.0/Device/Include/TM4C129/TM4C1294NCPDT.h(1963): note: previous definition is here
#define I2C8_BASE                       0x400B8000UL
        ^
src_my/main.c(32): warning: In file included from...
../../Tivaware_C_Series-2.2.0.285\inc/hw_memmap.h(124): warning: 'I2C9_BASE' macro redefined [-Wmacro-redefined]
#define I2C9_BASE               0x400B9000  // I2C9
        ^
C:/Users/rakio/AppData/Local/Arm/Packs/Keil/TM4C_DFP/1.1.0/Device/Include/TM4C129/TM4C1294NCPDT.h(1964): note: previous definition is here
#define I2C9_BASE                       0x400B9000UL
        ^
src_my/main.c(32): warning: In file included from...
../../Tivaware_C_Series-2.2.0.285\inc/hw_memmap.h(125): warning: 'I2C4_BASE' macro redefined [-Wmacro-redefined]
#define I2C4_BASE               0x400C0000  // I2C4
        ^
C:/Users/rakio/AppData/Local/Arm/Packs/Keil/TM4C_DFP/1.1.0/Device/Include/TM4C129/TM4C1294NCPDT.h(1965): note: previous definition is here
#define I2C4_BASE                       0x400C0000UL
        ^
src_my/main.c(32): warning: In file included from...
../../Tivaware_C_Series-2.2.0.285\inc/hw_memmap.h(126): warning: 'I2C5_BASE' macro redefined [-Wmacro-redefined]
#define I2C5_BASE               0x400C1000  // I2C5
        ^
C:/Users/rakio/AppData/Local/Arm/Packs/Keil/TM4C_DFP/1.1.0/Device/Include/TM4C129/TM4C1294NCPDT.h(1966): note: previous definition is here
#define I2C5_BASE                       0x400C1000UL
        ^
src_my/main.c(32): warning: In file included from...
../../Tivaware_C_Series-2.2.0.285\inc/hw_memmap.h(127): warning: 'I2C6_BASE' macro redefined [-Wmacro-redefined]
#define I2C6_BASE               0x400C2000  // I2C6
        ^
C:/Users/rakio/AppData/Local/Arm/Packs/Keil/TM4C_DFP/1.1.0/Device/Include/TM4C129/TM4C1294NCPDT.h(1967): note: previous definition is here
#define I2C6_BASE                       0x400C2000UL
        ^
src_my/main.c(32): warning: In file included from...
../../Tivaware_C_Series-2.2.0.285\inc/hw_memmap.h(128): warning: 'I2C7_BASE' macro redefined [-Wmacro-redefined]
#define I2C7_BASE               0x400C3000  // I2C7
        ^
C:/Users/rakio/AppData/Local/Arm/Packs/Keil/TM4C_DFP/1.1.0/Device/Include/TM4C129/TM4C1294NCPDT.h(1968): note: previous definition is here
#define I2C7_BASE                       0x400C3000UL
        ^
src_my/main.c(32): warning: In file included from...
../../Tivaware_C_Series-2.2.0.285\inc/hw_memmap.h(129): warning: 'EPI0_BASE' macro redefined [-Wmacro-redefined]
#define EPI0_BASE               0x400D0000  // EPI0
        ^
C:/Users/rakio/AppData/Local/Arm/Packs/Keil/TM4C_DFP/1.1.0/Device/Include/TM4C129/TM4C1294NCPDT.h(1969): note: previous definition is here
#define EPI0_BASE                       0x400D0000UL
        ^
src_my/main.c(32): warning: In file included from...
../../Tivaware_C_Series-2.2.0.285\inc/hw_memmap.h(130): warning: 'TIMER6_BASE' macro redefined [-Wmacro-redefined]
#define TIMER6_BASE             0x400E0000  // General-Purpose Timers
        ^
C:/Users/rakio/AppData/Local/Arm/Packs/Keil/TM4C_DFP/1.1.0/Device/Include/TM4C129/TM4C1294NCPDT.h(1970): note: previous definition is here
#define TIMER6_BASE                     0x400E0000UL
        ^
src_my/main.c(32): warning: In file included from...
../../Tivaware_C_Series-2.2.0.285\inc/hw_memmap.h(131): warning: 'TIMER7_BASE' macro redefined [-Wmacro-redefined]
#define TIMER7_BASE             0x400E1000  // General-Purpose Timers
        ^
C:/Users/rakio/AppData/Local/Arm/Packs/Keil/TM4C_DFP/1.1.0/Device/Include/TM4C129/TM4C1294NCPDT.h(1971): note: previous definition is here
#define TIMER7_BASE                     0x400E1000UL
        ^
src_my/main.c(32): warning: In file included from...
../../Tivaware_C_Series-2.2.0.285\inc/hw_memmap.h(132): warning: 'EMAC0_BASE' macro redefined [-Wmacro-redefined]
#define EMAC0_BASE              0x400EC000  // Ethernet Controller
        ^
C:/Users/rakio/AppData/Local/Arm/Packs/Keil/TM4C_DFP/1.1.0/Device/Include/TM4C129/TM4C1294NCPDT.h(1972): note: previous definition is here
#define EMAC0_BASE                      0x400EC000UL
        ^
src_my/main.c(32): warning: In file included from...
../../Tivaware_C_Series-2.2.0.285\inc/hw_memmap.h(133): warning: 'SYSEXC_BASE' macro redefined [-Wmacro-redefined]
#define SYSEXC_BASE             0x400F9000  // System Exception Module
        ^
C:/Users/rakio/AppData/Local/Arm/Packs/Keil/TM4C_DFP/1.1.0/Device/Include/TM4C129/TM4C1294NCPDT.h(1973): note: previous definition is here
#define SYSEXC_BASE                     0x400F9000UL
        ^
src_my/main.c(32): warning: In file included from...
../../Tivaware_C_Series-2.2.0.285\inc/hw_memmap.h(134): warning: 'HIB_BASE' macro redefined [-Wmacro-redefined]
#define HIB_BASE                0x400FC000  // Hibernation Module
        ^
C:/Users/rakio/AppData/Local/Arm/Packs/Keil/TM4C_DFP/1.1.0/Device/Include/TM4C129/TM4C1294NCPDT.h(1974): note: previous definition is here
#define HIB_BASE                        0x400FC000UL
        ^
src_my/main.c(32): warning: In file included from...
../../Tivaware_C_Series-2.2.0.285\inc/hw_memmap.h(135): warning: 'FLASH_CTRL_BASE' macro redefined [-Wmacro-redefined]
#define FLASH_CTRL_BASE         0x400FD000  // FLASH Controller
        ^
C:/Users/rakio/AppData/Local/Arm/Packs/Keil/TM4C_DFP/1.1.0/Device/Include/TM4C129/TM4C1294NCPDT.h(1975): note: previous definition is here
#define FLASH_CTRL_BASE                 0x400FD000UL
        ^
src_my/main.c(32): warning: In file included from...
../../Tivaware_C_Series-2.2.0.285\inc/hw_memmap.h(136): warning: 'SYSCTL_BASE' macro redefined [-Wmacro-redefined]
#define SYSCTL_BASE             0x400FE000  // System Control
        ^
C:/Users/rakio/AppData/Local/Arm/Packs/Keil/TM4C_DFP/1.1.0/Device/Include/TM4C129/TM4C1294NCPDT.h(1976): note: previous definition is here
#define SYSCTL_BASE                     0x400FE000UL
        ^
src_my/main.c(32): warning: In file included from...
../../Tivaware_C_Series-2.2.0.285\inc/hw_memmap.h(137): warning: 'UDMA_BASE' macro redefined [-Wmacro-redefined]
#define UDMA_BASE               0x400FF000  // uDMA Controller
        ^
C:/Users/rakio/AppData/Local/Arm/Packs/Keil/TM4C_DFP/1.1.0/Device/Include/TM4C129/TM4C1294NCPDT.h(1977): note: previous definition is here
#define UDMA_BASE                       0x400FF000UL
        ^
src_my/main.c(32): warning: In file included from...
../../Tivaware_C_Series-2.2.0.285\inc/hw_memmap.h(138): warning: 'CCM0_BASE' macro redefined [-Wmacro-redefined]
#define CCM0_BASE               0x44030000  // Cyclical Redundancy Check (CRC)
        ^
C:/Users/rakio/AppData/Local/Arm/Packs/Keil/TM4C_DFP/1.1.0/Device/Include/TM4C129/TM4C1294NCPDT.h(1978): note: previous definition is here
#define CCM0_BASE                       0x44030000UL
        ^
src_my/main.c(32): warning: In file included from...
../../Tivaware_C_Series-2.2.0.285\inc/hw_memmap.h(145): warning: 'ITM_BASE' macro redefined [-Wmacro-redefined]
#define ITM_BASE                0xE0000000  // Instrumentation Trace Macrocell
        ^
C:/Users/rakio/AppData/Local/Arm/Packs/ARM/CMSIS/6.1.0/CMSIS/Core/Include\core_cm4.h(1551): note: previous definition is here
#define ITM_BASE            (0xE0000000UL)                            /*!< ITM Base Address */
        ^
src_my/main.c(32): warning: In file included from...
../../Tivaware_C_Series-2.2.0.285\inc/hw_memmap.h(146): warning: 'DWT_BASE' macro redefined [-Wmacro-redefined]
#define DWT_BASE                0xE0001000  // Data Watchpoint and Trace
        ^
C:/Users/rakio/AppData/Local/Arm/Packs/ARM/CMSIS/6.1.0/CMSIS/Core/Include\core_cm4.h(1552): note: previous definition is here
#define DWT_BASE            (0xE0001000UL)                            /*!< DWT Base Address */
        ^
src_my/main.c(32): warning: In file included from...
../../Tivaware_C_Series-2.2.0.285\inc/hw_memmap.h(148): warning: 'NVIC_BASE' macro redefined [-Wmacro-redefined]
#define NVIC_BASE               0xE000E000  // Nested Vectored Interrupt Ctrl
        ^
C:/Users/rakio/AppData/Local/Arm/Packs/ARM/CMSIS/6.1.0/CMSIS/Core/Include\core_cm4.h(1556): note: previous definition is here
#define NVIC_BASE           (SCS_BASE +  0x0100UL)                    /*!< NVIC Base Address */
        ^
src_my/main.c(32): warning: In file included from...
../../Tivaware_C_Series-2.2.0.285\inc/hw_memmap.h(149): warning: 'TPIU_BASE' macro redefined [-Wmacro-redefined]
#define TPIU_BASE               0xE0040000  // Trace Port Interface Unit
        ^
C:/Users/rakio/AppData/Local/Arm/Packs/ARM/CMSIS/6.1.0/CMSIS/Core/Include\core_cm4.h(1553): note: previous definition is here
#define TPIU_BASE           (0xE0040000UL)                            /*!< TPIU Base Address */
        ^
src_my/main.c(69): warning: no previous prototype for function 'ConfigUART' [-Wmissing-prototypes]
void ConfigUART(void)
     ^
src_my/main.c(69): note: declare 'static' if the function is not intended to be used outside of this translation unit
void ConfigUART(void)
^
static 
src_my/main.c(104): warning: cast from 'const unsigned char *' to 'unsigned char *' drops const qualifier [-Wcast-qual]
    uint16_t total = EightBitHistogram(width1, height1, (uint8_t*)p_start_image1, hist);
                                                                  ^
src_my/main.c(118): warning: no newline at end of file [-Wnewline-eof]
}
 ^
src_my/main.c(54): warning: no previous extern declaration for non-static variable 'hist' [-Wmissing-variable-declarations]
uint16_t hist[256];
         ^
src_my/main.c(54): note: declare 'static' if the variable is not intended to be used outside of this translation unit
uint16_t hist[256];
^
src_my/main.c(55): warning: no previous extern declaration for non-static variable 'clock' [-Wmissing-variable-declarations]
uint32_t clock;
         ^
src_my/main.c(55): note: declare 'static' if the variable is not intended to be used outside of this translation unit
uint32_t clock;
^
109 warnings generated.
compiling main.c...
src_others/images.c(13): warning: no previous extern declaration for non-static variable 'width0' [-Wmissing-variable-declarations]
const uint16_t width0  = WIDTH0;
               ^
src_others/images.c(13): note: declare 'static' if the variable is not intended to be used outside of this translation unit
const uint16_t width0  = WIDTH0;
      ^
src_others/images.c(14): warning: no previous extern declaration for non-static variable 'height0' [-Wmissing-variable-declarations]
const uint16_t height0 = HEIGTH0;
               ^
src_others/images.c(14): note: declare 'static' if the variable is not intended to be used outside of this translation unit
const uint16_t height0 = HEIGTH0;
      ^
src_others/images.c(17): warning: no previous extern declaration for non-static variable 'image0' [-Wmissing-variable-declarations]
const uint8_t image0[HEIGTH0][WIDTH0] = {
              ^
src_others/images.c(17): note: declare 'static' if the variable is not intended to be used outside of this translation unit
const uint8_t image0[HEIGTH0][WIDTH0] = {
      ^
src_others/images.c(20): warning: no previous extern declaration for non-static variable 'p_start_image0' [-Wmissing-variable-declarations]
const uint8_t * const p_start_image0 = &image0[0][0];
                      ^
src_others/images.c(20): note: declare 'static' if the variable is not intended to be used outside of this translation unit
const uint8_t * const p_start_image0 = &image0[0][0];
      ^
src_others/images.c(26): warning: no previous extern declaration for non-static variable 'width1' [-Wmissing-variable-declarations]
const uint16_t width1  = WIDTH1;
               ^
src_others/images.c(26): note: declare 'static' if the variable is not intended to be used outside of this translation unit
const uint16_t width1  = WIDTH1;
      ^
src_others/images.c(27): warning: no previous extern declaration for non-static variable 'height1' [-Wmissing-variable-declarations]
const uint16_t height1 = HEIGTH1;
               ^
src_others/images.c(27): note: declare 'static' if the variable is not intended to be used outside of this translation unit
const uint16_t height1 = HEIGTH1;
      ^
src_others/images.c(28): warning: no previous extern declaration for non-static variable 'image1' [-Wmissing-variable-declarations]
const uint8_t image1[HEIGTH1][WIDTH1] = {
              ^
src_others/images.c(28): note: declare 'static' if the variable is not intended to be used outside of this translation unit
const uint8_t image1[HEIGTH1][WIDTH1] = {
      ^
src_others/images.c(1351): warning: no previous extern declaration for non-static variable 'p_start_image1' [-Wmissing-variable-declarations]
const uint8_t * const p_start_image1 = &image1[0][0];
                      ^
src_others/images.c(1351): note: declare 'static' if the variable is not intended to be used outside of this translation unit
const uint8_t * const p_start_image1 = &image1[0][0];
      ^
8 warnings generated.
compiling images.c...
src_others/uartstdio.c(543): warning: implicit conversion changes signedness: 'unsigned int' to 'int' [-Wsign-conversion]
    return(uIdx);
    ~~~~~~ ^~~~
src_others/uartstdio.c(676): warning: implicit conversion loses integer precision: 'int32_t' (aka 'int') to 'int8_t' (aka 'signed char') [-Wimplicit-int-conversion]
        cChar = MAP_UARTCharGet(g_ui32Base);
              ~ ^~~~~~~~~~~~~~~~~~~~~~~~~~~
../../Tivaware_C_Series-2.2.0.285\driverlib/rom_map.h(5339): note: expanded from macro 'MAP_UARTCharGet'
        UARTCharGet
        ^
src_others/uartstdio.c(747): warning: implicit conversion changes signedness: 'int8_t' (aka 'signed char') to 'char' [-Wsign-conversion]
            pcBuf[ui32Count] = cChar;
                             ~ ^~~~~
src_others/uartstdio.c(757): warning: implicit conversion changes signedness: 'int8_t' (aka 'signed char') to 'unsigned char' [-Wsign-conversion]
            MAP_UARTCharPut(g_ui32Base, cChar);
            ~~~~~~~~~~~~~~~             ^~~~~
src_others/uartstdio.c(774): warning: implicit conversion changes signedness: 'uint32_t' (aka 'unsigned int') to 'int' [-Wsign-conversion]
    return(ui32Count);
    ~~~~~~ ^~~~~~~~~
src_others/uartstdio.c(825): warning: implicit conversion loses integer precision: 'int32_t' (aka 'int') to 'unsigned char' [-Wimplicit-int-conversion]
    return(MAP_UARTCharGet(g_ui32Base));
    ~~~~~~ ^~~~~~~~~~~~~~~~~~~~~~~~~~~
../../Tivaware_C_Series-2.2.0.285\driverlib/rom_map.h(5339): note: expanded from macro 'MAP_UARTCharGet'
        UARTCharGet
        ^
src_others/uartstdio.c(1012): warning: implicit conversion changes signedness: 'int32_t' (aka 'int') to 'uint32_t' (aka 'unsigned int') [-Wsign-conversion]
                        ui32Value = -(int32_t)ui32Value;
                                  ~ ^~~~~~~~~~~~~~~~~~~
7 warnings generated.
compiling uartstdio.c...
assembling startup_TM4C129.s...
RTE/Device/TM4C1294NCPDT/system_TM4C129.c(14): warning: In file included from...
C:/Users/rakio/AppData/Local/Arm/Packs/Keil/TM4C_DFP/1.1.0/Device/Include/TM4C129\TM4C129.h(26): warning: In file included from...
C:/Users/rakio/AppData/Local/Arm/Packs/Keil/TM4C_DFP/1.1.0/Device/Include/TM4C129/TM4C1294NCPDT.h(279): warning: anonymous unions are a C11 extension [-Wc11-extensions]
  union {
  ^
C:/Users/rakio/AppData/Local/Arm/Packs/Keil/TM4C_DFP/1.1.0/Device/Include/TM4C129/TM4C1294NCPDT.h(319): warning: anonymous unions are a C11 extension [-Wc11-extensions]
  union {
  ^
C:/Users/rakio/AppData/Local/Arm/Packs/Keil/TM4C_DFP/1.1.0/Device/Include/TM4C129/TM4C1294NCPDT.h(338): warning: anonymous unions are a C11 extension [-Wc11-extensions]
  union {
  ^
C:/Users/rakio/AppData/Local/Arm/Packs/Keil/TM4C_DFP/1.1.0/Device/Include/TM4C129/TM4C1294NCPDT.h(671): warning: anonymous unions are a C11 extension [-Wc11-extensions]
  union {
  ^
C:/Users/rakio/AppData/Local/Arm/Packs/Keil/TM4C_DFP/1.1.0/Device/Include/TM4C129/TM4C1294NCPDT.h(687): warning: anonymous unions are a C11 extension [-Wc11-extensions]
  union {
  ^
C:/Users/rakio/AppData/Local/Arm/Packs/Keil/TM4C_DFP/1.1.0/Device/Include/TM4C129/TM4C1294NCPDT.h(732): warning: anonymous unions are a C11 extension [-Wc11-extensions]
  union {
  ^
C:/Users/rakio/AppData/Local/Arm/Packs/Keil/TM4C_DFP/1.1.0/Device/Include/TM4C129/TM4C1294NCPDT.h(737): warning: anonymous unions are a C11 extension [-Wc11-extensions]
  union {
  ^
C:/Users/rakio/AppData/Local/Arm/Packs/Keil/TM4C_DFP/1.1.0/Device/Include/TM4C129/TM4C1294NCPDT.h(839): warning: anonymous unions are a C11 extension [-Wc11-extensions]
  union {
  ^
C:/Users/rakio/AppData/Local/Arm/Packs/Keil/TM4C_DFP/1.1.0/Device/Include/TM4C129/TM4C1294NCPDT.h(852): warning: anonymous unions are a C11 extension [-Wc11-extensions]
  union {
  ^
C:/Users/rakio/AppData/Local/Arm/Packs/Keil/TM4C_DFP/1.1.0/Device/Include/TM4C129/TM4C1294NCPDT.h(859): warning: anonymous unions are a C11 extension [-Wc11-extensions]
  union {
  ^
C:/Users/rakio/AppData/Local/Arm/Packs/Keil/TM4C_DFP/1.1.0/Device/Include/TM4C129/TM4C1294NCPDT.h(864): warning: anonymous unions are a C11 extension [-Wc11-extensions]
  union {
  ^
C:/Users/rakio/AppData/Local/Arm/Packs/Keil/TM4C_DFP/1.1.0/Device/Include/TM4C129/TM4C1294NCPDT.h(871): warning: anonymous unions are a C11 extension [-Wc11-extensions]
  union {
  ^
C:/Users/rakio/AppData/Local/Arm/Packs/Keil/TM4C_DFP/1.1.0/Device/Include/TM4C129/TM4C1294NCPDT.h(877): warning: anonymous unions are a C11 extension [-Wc11-extensions]
  union {
  ^
C:/Users/rakio/AppData/Local/Arm/Packs/Keil/TM4C_DFP/1.1.0/Device/Include/TM4C129/TM4C1294NCPDT.h(884): warning: anonymous unions are a C11 extension [-Wc11-extensions]
  union {
  ^
C:/Users/rakio/AppData/Local/Arm/Packs/Keil/TM4C_DFP/1.1.0/Device/Include/TM4C129/TM4C1294NCPDT.h(891): warning: anonymous unions are a C11 extension [-Wc11-extensions]
  union {
  ^
C:/Users/rakio/AppData/Local/Arm/Packs/Keil/TM4C_DFP/1.1.0/Device/Include/TM4C129/TM4C1294NCPDT.h(896): warning: anonymous unions are a C11 extension [-Wc11-extensions]
  union {
  ^
C:/Users/rakio/AppData/Local/Arm/Packs/Keil/TM4C_DFP/1.1.0/Device/Include/TM4C129/TM4C1294NCPDT.h(903): warning: anonymous unions are a C11 extension [-Wc11-extensions]
  union {
  ^
C:/Users/rakio/AppData/Local/Arm/Packs/Keil/TM4C_DFP/1.1.0/Device/Include/TM4C129/TM4C1294NCPDT.h(909): warning: anonymous unions are a C11 extension [-Wc11-extensions]
  union {
  ^
C:/Users/rakio/AppData/Local/Arm/Packs/Keil/TM4C_DFP/1.1.0/Device/Include/TM4C129/TM4C1294NCPDT.h(916): warning: anonymous unions are a C11 extension [-Wc11-extensions]
  union {
  ^
C:/Users/rakio/AppData/Local/Arm/Packs/Keil/TM4C_DFP/1.1.0/Device/Include/TM4C129/TM4C1294NCPDT.h(923): warning: anonymous unions are a C11 extension [-Wc11-extensions]
  union {
  ^
C:/Users/rakio/AppData/Local/Arm/Packs/Keil/TM4C_DFP/1.1.0/Device/Include/TM4C129/TM4C1294NCPDT.h(928): warning: anonymous unions are a C11 extension [-Wc11-extensions]
  union {
  ^
C:/Users/rakio/AppData/Local/Arm/Packs/Keil/TM4C_DFP/1.1.0/Device/Include/TM4C129/TM4C1294NCPDT.h(935): warning: anonymous unions are a C11 extension [-Wc11-extensions]
  union {
  ^
C:/Users/rakio/AppData/Local/Arm/Packs/Keil/TM4C_DFP/1.1.0/Device/Include/TM4C129/TM4C1294NCPDT.h(941): warning: anonymous unions are a C11 extension [-Wc11-extensions]
  union {
  ^
C:/Users/rakio/AppData/Local/Arm/Packs/Keil/TM4C_DFP/1.1.0/Device/Include/TM4C129/TM4C1294NCPDT.h(948): warning: anonymous unions are a C11 extension [-Wc11-extensions]
  union {
  ^
C:/Users/rakio/AppData/Local/Arm/Packs/Keil/TM4C_DFP/1.1.0/Device/Include/TM4C129/TM4C1294NCPDT.h(955): warning: anonymous unions are a C11 extension [-Wc11-extensions]
  union {
  ^
C:/Users/rakio/AppData/Local/Arm/Packs/Keil/TM4C_DFP/1.1.0/Device/Include/TM4C129/TM4C1294NCPDT.h(960): warning: anonymous unions are a C11 extension [-Wc11-extensions]
  union {
  ^
C:/Users/rakio/AppData/Local/Arm/Packs/Keil/TM4C_DFP/1.1.0/Device/Include/TM4C129/TM4C1294NCPDT.h(967): warning: anonymous unions are a C11 extension [-Wc11-extensions]
  union {
  ^
C:/Users/rakio/AppData/Local/Arm/Packs/Keil/TM4C_DFP/1.1.0/Device/Include/TM4C129/TM4C1294NCPDT.h(973): warning: anonymous unions are a C11 extension [-Wc11-extensions]
  union {
  ^
C:/Users/rakio/AppData/Local/Arm/Packs/Keil/TM4C_DFP/1.1.0/Device/Include/TM4C129/TM4C1294NCPDT.h(980): warning: anonymous unions are a C11 extension [-Wc11-extensions]
  union {
  ^
C:/Users/rakio/AppData/Local/Arm/Packs/Keil/TM4C_DFP/1.1.0/Device/Include/TM4C129/TM4C1294NCPDT.h(987): warning: anonymous unions are a C11 extension [-Wc11-extensions]
  union {
  ^
C:/Users/rakio/AppData/Local/Arm/Packs/Keil/TM4C_DFP/1.1.0/Device/Include/TM4C129/TM4C1294NCPDT.h(992): warning: anonymous unions are a C11 extension [-Wc11-extensions]
  union {
  ^
C:/Users/rakio/AppData/Local/Arm/Packs/Keil/TM4C_DFP/1.1.0/Device/Include/TM4C129/TM4C1294NCPDT.h(999): warning: anonymous unions are a C11 extension [-Wc11-extensions]
  union {
  ^
C:/Users/rakio/AppData/Local/Arm/Packs/Keil/TM4C_DFP/1.1.0/Device/Include/TM4C129/TM4C1294NCPDT.h(1005): warning: anonymous unions are a C11 extension [-Wc11-extensions]
  union {
  ^
C:/Users/rakio/AppData/Local/Arm/Packs/Keil/TM4C_DFP/1.1.0/Device/Include/TM4C129/TM4C1294NCPDT.h(1012): warning: anonymous unions are a C11 extension [-Wc11-extensions]
  union {
  ^
C:/Users/rakio/AppData/Local/Arm/Packs/Keil/TM4C_DFP/1.1.0/Device/Include/TM4C129/TM4C1294NCPDT.h(1019): warning: anonymous unions are a C11 extension [-Wc11-extensions]
  union {
  ^
C:/Users/rakio/AppData/Local/Arm/Packs/Keil/TM4C_DFP/1.1.0/Device/Include/TM4C129/TM4C1294NCPDT.h(1024): warning: anonymous unions are a C11 extension [-Wc11-extensions]
  union {
  ^
C:/Users/rakio/AppData/Local/Arm/Packs/Keil/TM4C_DFP/1.1.0/Device/Include/TM4C129/TM4C1294NCPDT.h(1031): warning: anonymous unions are a C11 extension [-Wc11-extensions]
  union {
  ^
C:/Users/rakio/AppData/Local/Arm/Packs/Keil/TM4C_DFP/1.1.0/Device/Include/TM4C129/TM4C1294NCPDT.h(1037): warning: anonymous unions are a C11 extension [-Wc11-extensions]
  union {
  ^
C:/Users/rakio/AppData/Local/Arm/Packs/Keil/TM4C_DFP/1.1.0/Device/Include/TM4C129/TM4C1294NCPDT.h(1044): warning: anonymous unions are a C11 extension [-Wc11-extensions]
  union {
  ^
C:/Users/rakio/AppData/Local/Arm/Packs/Keil/TM4C_DFP/1.1.0/Device/Include/TM4C129/TM4C1294NCPDT.h(1051): warning: anonymous unions are a C11 extension [-Wc11-extensions]
  union {
  ^
C:/Users/rakio/AppData/Local/Arm/Packs/Keil/TM4C_DFP/1.1.0/Device/Include/TM4C129/TM4C1294NCPDT.h(1056): warning: anonymous unions are a C11 extension [-Wc11-extensions]
  union {
  ^
C:/Users/rakio/AppData/Local/Arm/Packs/Keil/TM4C_DFP/1.1.0/Device/Include/TM4C129/TM4C1294NCPDT.h(1063): warning: anonymous unions are a C11 extension [-Wc11-extensions]
  union {
  ^
C:/Users/rakio/AppData/Local/Arm/Packs/Keil/TM4C_DFP/1.1.0/Device/Include/TM4C129/TM4C1294NCPDT.h(1069): warning: anonymous unions are a C11 extension [-Wc11-extensions]
  union {
  ^
C:/Users/rakio/AppData/Local/Arm/Packs/Keil/TM4C_DFP/1.1.0/Device/Include/TM4C129/TM4C1294NCPDT.h(1260): warning: anonymous unions are a C11 extension [-Wc11-extensions]
  union {
  ^
C:/Users/rakio/AppData/Local/Arm/Packs/Keil/TM4C_DFP/1.1.0/Device/Include/TM4C129/TM4C1294NCPDT.h(1267): warning: anonymous unions are a C11 extension [-Wc11-extensions]
  union {
  ^
C:/Users/rakio/AppData/Local/Arm/Packs/Keil/TM4C_DFP/1.1.0/Device/Include/TM4C129/TM4C1294NCPDT.h(1303): warning: anonymous unions are a C11 extension [-Wc11-extensions]
  union {
  ^
C:/Users/rakio/AppData/Local/Arm/Packs/Keil/TM4C_DFP/1.1.0/Device/Include/TM4C129/TM4C1294NCPDT.h(1308): warning: anonymous unions are a C11 extension [-Wc11-extensions]
  union {
  ^
C:/Users/rakio/AppData/Local/Arm/Packs/Keil/TM4C_DFP/1.1.0/Device/Include/TM4C129/TM4C1294NCPDT.h(1313): warning: anonymous unions are a C11 extension [-Wc11-extensions]
  union {
  ^
C:/Users/rakio/AppData/Local/Arm/Packs/Keil/TM4C_DFP/1.1.0/Device/Include/TM4C129/TM4C1294NCPDT.h(1318): warning: anonymous unions are a C11 extension [-Wc11-extensions]
  union {
  ^
C:/Users/rakio/AppData/Local/Arm/Packs/Keil/TM4C_DFP/1.1.0/Device/Include/TM4C129/TM4C1294NCPDT.h(1323): warning: anonymous unions are a C11 extension [-Wc11-extensions]
  union {
  ^
C:/Users/rakio/AppData/Local/Arm/Packs/Keil/TM4C_DFP/1.1.0/Device/Include/TM4C129/TM4C1294NCPDT.h(1328): warning: anonymous unions are a C11 extension [-Wc11-extensions]
  union {
  ^
51 warnings generated.
compiling system_TM4C129.c...
linking...
Program Size: Code=3596 RO-data=20904 RW-data=4 ZI-data=1128  
".\Objects\Lab3.axf" - 0 Error(s), 175 Warning(s).

<h2>Software Packages used:</h2>

Package Vendor: ARM
                https://www.keil.com/pack/ARM.CMSIS.6.1.0.pack
                ARM.CMSIS.6.1.0
                CMSIS (Common Microcontroller Software Interface Standard)
   * Component: CORE Version: 6.1.0

Package Vendor: Keil
                http://www.keil.com/pack/Keil.TM4C_DFP.1.1.0.pack
                Keil.TM4C_DFP.1.1.0
                Texas Instruments Tiva C Series Device Support and Examples
   * Component: Startup Version: 1.0.0

<h2>Collection of Component include folders:</h2>
  .\RTE\_Target_1
  C:\Users\rakio\AppData\Local\Arm\Packs\ARM\CMSIS\6.1.0\CMSIS\Core\Include
  C:\Users\rakio\AppData\Local\Arm\Packs\Keil\TM4C_DFP\1.1.0\Device\Include\TM4C129

<h2>Collection of Component Files used:</h2>

   * Component: ARM::CMSIS:CORE:6.1.0

   * Component: Keil::Device:Startup:1.0.0
      Source file:   Device\Source\ARM\startup_TM4C129.s
      Source file:   Device\Source\system_TM4C129.c
      Include file:  Device\Include\TM4C129\TM4C129.h
Build Time Elapsed:  00:00:06
</pre>
</body>
</html>
